stm32f407xx_gpio_driver.h:87:6:GPIO_PCLK_Control	16	static
stm32f407xx_gpio_driver.h:154:6:GPIO_Init	24	static
stm32f407xx_gpio_driver.h:210:6:GPIO_DeInit	16	static
stm32f407xx_gpio_driver.h:242:10:GPIO_ReadFromInputPin	24	static
stm32f407xx_gpio_driver.h:250:11:GPIO_ReadFromInputPort	24	static
stm32f407xx_gpio_driver.h:258:6:GPIO_WriteOutputPin	16	static
stm32f407xx_gpio_driver.h:269:6:GPIO_WriteOutputPort	16	static
stm32f407xx_gpio_driver.h:273:6:GPIO_ToggleOutputPin	16	static
stm32f407xx_gpio_driver.h:281:6:GPIO_IRQInterruptConfig	16	static
stm32f407xx_gpio_driver.h:311:6:GPIO_IRQPriorityConfig	24	static
stm32f407xx_gpio_driver.h:322:6:GPIO_IRQHandling	16	static
stm32f407xx_gpio_driver.h:331:6:EXTI0_IRQHandler	8	static
002LedToggle_Button.c:9:6:delay	24	static
002LedToggle_Button.c:13:5:main	48	static
