stm32f407xx_gpio_driver.h:87:6:GPIO_PCLK_Control	16	static
stm32f407xx_gpio_driver.h:154:6:GPIO_Init	24	static
stm32f407xx_gpio_driver.h:210:6:GPIO_DeInit	16	static
stm32f407xx_gpio_driver.h:242:10:GPIO_ReadFromInputPin	24	static
stm32f407xx_gpio_driver.h:250:11:GPIO_ReadFromInputPort	24	static
stm32f407xx_gpio_driver.h:258:6:GPIO_WriteOutputPin	16	static
stm32f407xx_gpio_driver.h:269:6:GPIO_WriteOutputPort	16	static
stm32f407xx_gpio_driver.h:273:6:GPIO_ToggleOutputPin	16	static
stm32f407xx_gpio_driver.h:281:6:GPIO_IRQInterruptConfig	16	static
stm32f407xx_gpio_driver.h:312:6:GPIO_IRQPriorityConfig	24	static
stm32f407xx_gpio_driver.h:323:6:GPIO_IRQHandling	16	static
button_interrupt_PA0.c:9:5:main	32	static
button_interrupt_PA0.c:42:6:EXTI0_IRQHandler	8	static
