Archive member included to satisfy reference by file (symbol)

/opt/st/stm32cubeide_1.8.0/plugins/com.st.stm32cube.ide.mcu.externaltools.gnu-tools-for-stm32.9-2020-q2-update.linux64_2.0.0.202105311346/tools/bin/../lib/gcc/arm-none-eabi/9.3.1/../../../../arm-none-eabi/lib/thumb/v7e-m+fp/hard/libc_nano.a(lib_a-errno.o)
                              ./Startup/syscalls.o (__errno)
/opt/st/stm32cubeide_1.8.0/plugins/com.st.stm32cube.ide.mcu.externaltools.gnu-tools-for-stm32.9-2020-q2-update.linux64_2.0.0.202105311346/tools/bin/../lib/gcc/arm-none-eabi/9.3.1/../../../../arm-none-eabi/lib/thumb/v7e-m+fp/hard/libc_nano.a(lib_a-exit.o)
                              /opt/st/stm32cubeide_1.8.0/plugins/com.st.stm32cube.ide.mcu.externaltools.gnu-tools-for-stm32.9-2020-q2-update.linux64_2.0.0.202105311346/tools/bin/../lib/gcc/arm-none-eabi/9.3.1/../../../../arm-none-eabi/lib/thumb/v7e-m+fp/hard/crt0.o (exit)
/opt/st/stm32cubeide_1.8.0/plugins/com.st.stm32cube.ide.mcu.externaltools.gnu-tools-for-stm32.9-2020-q2-update.linux64_2.0.0.202105311346/tools/bin/../lib/gcc/arm-none-eabi/9.3.1/../../../../arm-none-eabi/lib/thumb/v7e-m+fp/hard/libc_nano.a(lib_a-impure.o)
                              /opt/st/stm32cubeide_1.8.0/plugins/com.st.stm32cube.ide.mcu.externaltools.gnu-tools-for-stm32.9-2020-q2-update.linux64_2.0.0.202105311346/tools/bin/../lib/gcc/arm-none-eabi/9.3.1/../../../../arm-none-eabi/lib/thumb/v7e-m+fp/hard/libc_nano.a(lib_a-exit.o) (_global_impure_ptr)
/opt/st/stm32cubeide_1.8.0/plugins/com.st.stm32cube.ide.mcu.externaltools.gnu-tools-for-stm32.9-2020-q2-update.linux64_2.0.0.202105311346/tools/bin/../lib/gcc/arm-none-eabi/9.3.1/../../../../arm-none-eabi/lib/thumb/v7e-m+fp/hard/libc_nano.a(lib_a-init.o)
                              /opt/st/stm32cubeide_1.8.0/plugins/com.st.stm32cube.ide.mcu.externaltools.gnu-tools-for-stm32.9-2020-q2-update.linux64_2.0.0.202105311346/tools/bin/../lib/gcc/arm-none-eabi/9.3.1/../../../../arm-none-eabi/lib/thumb/v7e-m+fp/hard/crt0.o (__libc_init_array)
/opt/st/stm32cubeide_1.8.0/plugins/com.st.stm32cube.ide.mcu.externaltools.gnu-tools-for-stm32.9-2020-q2-update.linux64_2.0.0.202105311346/tools/bin/../lib/gcc/arm-none-eabi/9.3.1/../../../../arm-none-eabi/lib/thumb/v7e-m+fp/hard/libc_nano.a(lib_a-memset.o)
                              /opt/st/stm32cubeide_1.8.0/plugins/com.st.stm32cube.ide.mcu.externaltools.gnu-tools-for-stm32.9-2020-q2-update.linux64_2.0.0.202105311346/tools/bin/../lib/gcc/arm-none-eabi/9.3.1/../../../../arm-none-eabi/lib/thumb/v7e-m+fp/hard/crt0.o (memset)
/opt/st/stm32cubeide_1.8.0/plugins/com.st.stm32cube.ide.mcu.externaltools.gnu-tools-for-stm32.9-2020-q2-update.linux64_2.0.0.202105311346/tools/bin/../lib/gcc/arm-none-eabi/9.3.1/../../../../arm-none-eabi/lib/thumb/v7e-m+fp/hard/libc_nano.a(lib_a-strlen.o)
                              ./Src/003spi_cmd.o (strlen)

Discarded input sections

 .text          0x0000000000000000        0x0 /opt/st/stm32cubeide_1.8.0/plugins/com.st.stm32cube.ide.mcu.externaltools.gnu-tools-for-stm32.9-2020-q2-update.linux64_2.0.0.202105311346/tools/bin/../lib/gcc/arm-none-eabi/9.3.1/thumb/v7e-m+fp/hard/crti.o
 .data          0x0000000000000000        0x0 /opt/st/stm32cubeide_1.8.0/plugins/com.st.stm32cube.ide.mcu.externaltools.gnu-tools-for-stm32.9-2020-q2-update.linux64_2.0.0.202105311346/tools/bin/../lib/gcc/arm-none-eabi/9.3.1/thumb/v7e-m+fp/hard/crti.o
 .bss           0x0000000000000000        0x0 /opt/st/stm32cubeide_1.8.0/plugins/com.st.stm32cube.ide.mcu.externaltools.gnu-tools-for-stm32.9-2020-q2-update.linux64_2.0.0.202105311346/tools/bin/../lib/gcc/arm-none-eabi/9.3.1/thumb/v7e-m+fp/hard/crti.o
 .data          0x0000000000000000        0x4 /opt/st/stm32cubeide_1.8.0/plugins/com.st.stm32cube.ide.mcu.externaltools.gnu-tools-for-stm32.9-2020-q2-update.linux64_2.0.0.202105311346/tools/bin/../lib/gcc/arm-none-eabi/9.3.1/thumb/v7e-m+fp/hard/crtbegin.o
 .text          0x0000000000000000       0x7c /opt/st/stm32cubeide_1.8.0/plugins/com.st.stm32cube.ide.mcu.externaltools.gnu-tools-for-stm32.9-2020-q2-update.linux64_2.0.0.202105311346/tools/bin/../lib/gcc/arm-none-eabi/9.3.1/../../../../arm-none-eabi/lib/thumb/v7e-m+fp/hard/crt0.o
 .data          0x0000000000000000        0x0 /opt/st/stm32cubeide_1.8.0/plugins/com.st.stm32cube.ide.mcu.externaltools.gnu-tools-for-stm32.9-2020-q2-update.linux64_2.0.0.202105311346/tools/bin/../lib/gcc/arm-none-eabi/9.3.1/../../../../arm-none-eabi/lib/thumb/v7e-m+fp/hard/crt0.o
 .bss           0x0000000000000000        0x0 /opt/st/stm32cubeide_1.8.0/plugins/com.st.stm32cube.ide.mcu.externaltools.gnu-tools-for-stm32.9-2020-q2-update.linux64_2.0.0.202105311346/tools/bin/../lib/gcc/arm-none-eabi/9.3.1/../../../../arm-none-eabi/lib/thumb/v7e-m+fp/hard/crt0.o
 .ARM.extab     0x0000000000000000        0x0 /opt/st/stm32cubeide_1.8.0/plugins/com.st.stm32cube.ide.mcu.externaltools.gnu-tools-for-stm32.9-2020-q2-update.linux64_2.0.0.202105311346/tools/bin/../lib/gcc/arm-none-eabi/9.3.1/../../../../arm-none-eabi/lib/thumb/v7e-m+fp/hard/crt0.o
 .ARM.exidx     0x0000000000000000       0x10 /opt/st/stm32cubeide_1.8.0/plugins/com.st.stm32cube.ide.mcu.externaltools.gnu-tools-for-stm32.9-2020-q2-update.linux64_2.0.0.202105311346/tools/bin/../lib/gcc/arm-none-eabi/9.3.1/../../../../arm-none-eabi/lib/thumb/v7e-m+fp/hard/crt0.o
 .ARM.attributes
                0x0000000000000000       0x1c /opt/st/stm32cubeide_1.8.0/plugins/com.st.stm32cube.ide.mcu.externaltools.gnu-tools-for-stm32.9-2020-q2-update.linux64_2.0.0.202105311346/tools/bin/../lib/gcc/arm-none-eabi/9.3.1/../../../../arm-none-eabi/lib/thumb/v7e-m+fp/hard/crt0.o
 .group         0x0000000000000000        0xc ./Drivers/Src/stm32f407xx_gpio_driver.o
 .group         0x0000000000000000        0xc ./Drivers/Src/stm32f407xx_gpio_driver.o
 .group         0x0000000000000000        0xc ./Drivers/Src/stm32f407xx_gpio_driver.o
 .group         0x0000000000000000        0xc ./Drivers/Src/stm32f407xx_gpio_driver.o
 .group         0x0000000000000000        0xc ./Drivers/Src/stm32f407xx_gpio_driver.o
 .group         0x0000000000000000        0xc ./Drivers/Src/stm32f407xx_gpio_driver.o
 .group         0x0000000000000000        0xc ./Drivers/Src/stm32f407xx_gpio_driver.o
 .group         0x0000000000000000        0xc ./Drivers/Src/stm32f407xx_gpio_driver.o
 .group         0x0000000000000000        0xc ./Drivers/Src/stm32f407xx_gpio_driver.o
 .group         0x0000000000000000        0xc ./Drivers/Src/stm32f407xx_gpio_driver.o
 .text          0x0000000000000000        0x0 ./Drivers/Src/stm32f407xx_gpio_driver.o
 .data          0x0000000000000000        0x0 ./Drivers/Src/stm32f407xx_gpio_driver.o
 .bss           0x0000000000000000        0x0 ./Drivers/Src/stm32f407xx_gpio_driver.o
 .text.GPIO_DeInit
                0x0000000000000000      0x16c ./Drivers/Src/stm32f407xx_gpio_driver.o
 .text.GPIO_ReadFromInputPin
                0x0000000000000000       0x2c ./Drivers/Src/stm32f407xx_gpio_driver.o
 .text.GPIO_ReadFromInputPort
                0x0000000000000000       0x1c ./Drivers/Src/stm32f407xx_gpio_driver.o
 .text.GPIO_WriteOutputPin
                0x0000000000000000       0x4a ./Drivers/Src/stm32f407xx_gpio_driver.o
 .text.GPIO_WriteOutputPort
                0x0000000000000000       0x24 ./Drivers/Src/stm32f407xx_gpio_driver.o
 .text.GPIO_ToggleOutputPin
                0x0000000000000000       0x2a ./Drivers/Src/stm32f407xx_gpio_driver.o
 .text.GPIO_IRQInterruptConfig
                0x0000000000000000      0x110 ./Drivers/Src/stm32f407xx_gpio_driver.o
 .text.GPIO_IRQPriorityConfig
                0x0000000000000000       0x5c ./Drivers/Src/stm32f407xx_gpio_driver.o
 .text.GPIO_IRQHandling
                0x0000000000000000       0x40 ./Drivers/Src/stm32f407xx_gpio_driver.o
 .group         0x0000000000000000        0xc ./Drivers/Src/stm32f407xx_spi_driver.o
 .group         0x0000000000000000        0xc ./Drivers/Src/stm32f407xx_spi_driver.o
 .group         0x0000000000000000        0xc ./Drivers/Src/stm32f407xx_spi_driver.o
 .group         0x0000000000000000        0xc ./Drivers/Src/stm32f407xx_spi_driver.o
 .group         0x0000000000000000        0xc ./Drivers/Src/stm32f407xx_spi_driver.o
 .group         0x0000000000000000        0xc ./Drivers/Src/stm32f407xx_spi_driver.o
 .group         0x0000000000000000        0xc ./Drivers/Src/stm32f407xx_spi_driver.o
 .group         0x0000000000000000        0xc ./Drivers/Src/stm32f407xx_spi_driver.o
 .group         0x0000000000000000        0xc ./Drivers/Src/stm32f407xx_spi_driver.o
 .group         0x0000000000000000        0xc ./Drivers/Src/stm32f407xx_spi_driver.o
 .text          0x0000000000000000        0x0 ./Drivers/Src/stm32f407xx_spi_driver.o
 .data          0x0000000000000000        0x0 ./Drivers/Src/stm32f407xx_spi_driver.o
 .bss           0x0000000000000000        0x0 ./Drivers/Src/stm32f407xx_spi_driver.o
 .text.SPI_ReceiveData
                0x0000000000000000       0x6e ./Drivers/Src/stm32f407xx_spi_driver.o
 .text.SPI_SSI_Control
                0x0000000000000000       0x38 ./Drivers/Src/stm32f407xx_spi_driver.o
 .debug_macro   0x0000000000000000      0xab4 ./Drivers/Src/stm32f407xx_spi_driver.o
 .debug_macro   0x0000000000000000       0x22 ./Drivers/Src/stm32f407xx_spi_driver.o
 .debug_macro   0x0000000000000000       0x8e ./Drivers/Src/stm32f407xx_spi_driver.o
 .debug_macro   0x0000000000000000       0x51 ./Drivers/Src/stm32f407xx_spi_driver.o
 .debug_macro   0x0000000000000000      0x103 ./Drivers/Src/stm32f407xx_spi_driver.o
 .debug_macro   0x0000000000000000       0x6a ./Drivers/Src/stm32f407xx_spi_driver.o
 .debug_macro   0x0000000000000000      0x1df ./Drivers/Src/stm32f407xx_spi_driver.o
 .debug_macro   0x0000000000000000      0x4b3 ./Drivers/Src/stm32f407xx_spi_driver.o
 .debug_macro   0x0000000000000000       0xe2 ./Drivers/Src/stm32f407xx_spi_driver.o
 .debug_macro   0x0000000000000000       0xf4 ./Drivers/Src/stm32f407xx_spi_driver.o
 .group         0x0000000000000000        0xc ./Src/003spi_cmd.o
 .group         0x0000000000000000        0xc ./Src/003spi_cmd.o
 .group         0x0000000000000000        0xc ./Src/003spi_cmd.o
 .group         0x0000000000000000        0xc ./Src/003spi_cmd.o
 .group         0x0000000000000000        0xc ./Src/003spi_cmd.o
 .group         0x0000000000000000        0xc ./Src/003spi_cmd.o
 .group         0x0000000000000000        0xc ./Src/003spi_cmd.o
 .group         0x0000000000000000        0xc ./Src/003spi_cmd.o
 .group         0x0000000000000000        0xc ./Src/003spi_cmd.o
 .group         0x0000000000000000        0xc ./Src/003spi_cmd.o
 .group         0x0000000000000000        0xc ./Src/003spi_cmd.o
 .group         0x0000000000000000        0xc ./Src/003spi_cmd.o
 .group         0x0000000000000000        0xc ./Src/003spi_cmd.o
 .group         0x0000000000000000        0xc ./Src/003spi_cmd.o
 .group         0x0000000000000000        0xc ./Src/003spi_cmd.o
 .group         0x0000000000000000        0xc ./Src/003spi_cmd.o
 .group         0x0000000000000000        0xc ./Src/003spi_cmd.o
 .group         0x0000000000000000        0xc ./Src/003spi_cmd.o
 .group         0x0000000000000000        0xc ./Src/003spi_cmd.o
 .group         0x0000000000000000        0xc ./Src/003spi_cmd.o
 .group         0x0000000000000000        0xc ./Src/003spi_cmd.o
 .group         0x0000000000000000        0xc ./Src/003spi_cmd.o
 .group         0x0000000000000000        0xc ./Src/003spi_cmd.o
 .group         0x0000000000000000        0xc ./Src/003spi_cmd.o
 .group         0x0000000000000000        0xc ./Src/003spi_cmd.o
 .group         0x0000000000000000        0xc ./Src/003spi_cmd.o
 .group         0x0000000000000000        0xc ./Src/003spi_cmd.o
 .text          0x0000000000000000        0x0 ./Src/003spi_cmd.o
 .data          0x0000000000000000        0x0 ./Src/003spi_cmd.o
 .bss           0x0000000000000000        0x0 ./Src/003spi_cmd.o
 .debug_macro   0x0000000000000000      0xab4 ./Src/003spi_cmd.o
 .debug_macro   0x0000000000000000       0x22 ./Src/003spi_cmd.o
 .debug_macro   0x0000000000000000       0x8e ./Src/003spi_cmd.o
 .debug_macro   0x0000000000000000       0x51 ./Src/003spi_cmd.o
 .debug_macro   0x0000000000000000      0x103 ./Src/003spi_cmd.o
 .debug_macro   0x0000000000000000       0x6a ./Src/003spi_cmd.o
 .debug_macro   0x0000000000000000      0x1df ./Src/003spi_cmd.o
 .debug_macro   0x0000000000000000      0x4b3 ./Src/003spi_cmd.o
 .debug_macro   0x0000000000000000       0xe2 ./Src/003spi_cmd.o
 .debug_macro   0x0000000000000000       0xf4 ./Src/003spi_cmd.o
 .text          0x0000000000000000       0x14 ./Startup/startup_stm32f407vgtx.o
 .data          0x0000000000000000        0x0 ./Startup/startup_stm32f407vgtx.o
 .bss           0x0000000000000000        0x0 ./Startup/startup_stm32f407vgtx.o
 .group         0x0000000000000000        0xc ./Startup/syscalls.o
 .group         0x0000000000000000        0xc ./Startup/syscalls.o
 .group         0x0000000000000000        0xc ./Startup/syscalls.o
 .group         0x0000000000000000        0xc ./Startup/syscalls.o
 .group         0x0000000000000000        0xc ./Startup/syscalls.o
 .group         0x0000000000000000        0xc ./Startup/syscalls.o
 .group         0x0000000000000000        0xc ./Startup/syscalls.o
 .group         0x0000000000000000        0xc ./Startup/syscalls.o
 .group         0x0000000000000000        0xc ./Startup/syscalls.o
 .group         0x0000000000000000        0xc ./Startup/syscalls.o
 .group         0x0000000000000000        0xc ./Startup/syscalls.o
 .group         0x0000000000000000        0xc ./Startup/syscalls.o
 .group         0x0000000000000000        0xc ./Startup/syscalls.o
 .group         0x0000000000000000        0xc ./Startup/syscalls.o
 .group         0x0000000000000000        0xc ./Startup/syscalls.o
 .group         0x0000000000000000        0xc ./Startup/syscalls.o
 .group         0x0000000000000000        0xc ./Startup/syscalls.o
 .group         0x0000000000000000        0xc ./Startup/syscalls.o
 .group         0x0000000000000000        0xc ./Startup/syscalls.o
 .group         0x0000000000000000        0xc ./Startup/syscalls.o
 .group         0x0000000000000000        0xc ./Startup/syscalls.o
 .group         0x0000000000000000        0xc ./Startup/syscalls.o
 .group         0x0000000000000000        0xc ./Startup/syscalls.o
 .group         0x0000000000000000        0xc ./Startup/syscalls.o
 .group         0x0000000000000000        0xc ./Startup/syscalls.o
 .group         0x0000000000000000        0xc ./Startup/syscalls.o
 .group         0x0000000000000000        0xc ./Startup/syscalls.o
 .group         0x0000000000000000        0xc ./Startup/syscalls.o
 .group         0x0000000000000000        0xc ./Startup/syscalls.o
 .group         0x0000000000000000        0xc ./Startup/syscalls.o
 .group         0x0000000000000000        0xc ./Startup/syscalls.o
 .group         0x0000000000000000        0xc ./Startup/syscalls.o
 .group         0x0000000000000000        0xc ./Startup/syscalls.o
 .group         0x0000000000000000        0xc ./Startup/syscalls.o
 .group         0x0000000000000000        0xc ./Startup/syscalls.o
 .group         0x0000000000000000        0xc ./Startup/syscalls.o
 .group         0x0000000000000000        0xc ./Startup/syscalls.o
 .group         0x0000000000000000        0xc ./Startup/syscalls.o
 .group         0x0000000000000000        0xc ./Startup/syscalls.o
 .group         0x0000000000000000        0xc ./Startup/syscalls.o
 .group         0x0000000000000000        0xc ./Startup/syscalls.o
 .group         0x0000000000000000        0xc ./Startup/syscalls.o
 .group         0x0000000000000000        0xc ./Startup/syscalls.o
 .group         0x0000000000000000        0xc ./Startup/syscalls.o
 .group         0x0000000000000000        0xc ./Startup/syscalls.o
 .group         0x0000000000000000        0xc ./Startup/syscalls.o
 .group         0x0000000000000000        0xc ./Startup/syscalls.o
 .text          0x0000000000000000        0x0 ./Startup/syscalls.o
 .data          0x0000000000000000        0x0 ./Startup/syscalls.o
 .bss           0x0000000000000000        0x0 ./Startup/syscalls.o
 .bss.__env     0x0000000000000000        0x4 ./Startup/syscalls.o
 .data.environ  0x0000000000000000        0x4 ./Startup/syscalls.o
 .text.initialise_monitor_handles
                0x0000000000000000        0xe ./Startup/syscalls.o
 .text._getpid  0x0000000000000000       0x10 ./Startup/syscalls.o
 .text._kill    0x0000000000000000       0x20 ./Startup/syscalls.o
 .text._exit    0x0000000000000000       0x14 ./Startup/syscalls.o
 .text._read    0x0000000000000000       0x3a ./Startup/syscalls.o
 .text._write   0x0000000000000000       0x38 ./Startup/syscalls.o
 .text._close   0x0000000000000000       0x18 ./Startup/syscalls.o
 .text._fstat   0x0000000000000000       0x20 ./Startup/syscalls.o
 .text._isatty  0x0000000000000000       0x16 ./Startup/syscalls.o
 .text._lseek   0x0000000000000000       0x1a ./Startup/syscalls.o
 .text._open    0x0000000000000000       0x1c ./Startup/syscalls.o
 .text._wait    0x0000000000000000       0x1e ./Startup/syscalls.o
 .text._unlink  0x0000000000000000       0x1e ./Startup/syscalls.o
 .text._times   0x0000000000000000       0x18 ./Startup/syscalls.o
 .text._stat    0x0000000000000000       0x20 ./Startup/syscalls.o
 .text._link    0x0000000000000000       0x20 ./Startup/syscalls.o
 .text._fork    0x0000000000000000       0x16 ./Startup/syscalls.o
 .text._execve  0x0000000000000000       0x22 ./Startup/syscalls.o
 .debug_info    0x0000000000000000      0xfa8 ./Startup/syscalls.o
 .debug_abbrev  0x0000000000000000      0x286 ./Startup/syscalls.o
 .debug_aranges
                0x0000000000000000       0xa8 ./Startup/syscalls.o
 .debug_ranges  0x0000000000000000       0x98 ./Startup/syscalls.o
 .debug_macro   0x0000000000000000      0x24c ./Startup/syscalls.o
 .debug_macro   0x0000000000000000      0xab4 ./Startup/syscalls.o
 .debug_macro   0x0000000000000000       0x22 ./Startup/syscalls.o
 .debug_macro   0x0000000000000000       0x4c ./Startup/syscalls.o
 .debug_macro   0x0000000000000000       0x18 ./Startup/syscalls.o
 .debug_macro   0x0000000000000000       0x94 ./Startup/syscalls.o
 .debug_macro   0x0000000000000000       0x3c ./Startup/syscalls.o
 .debug_macro   0x0000000000000000       0x34 ./Startup/syscalls.o
 .debug_macro   0x0000000000000000       0x57 ./Startup/syscalls.o
 .debug_macro   0x0000000000000000      0x174 ./Startup/syscalls.o
 .debug_macro   0x0000000000000000      0x339 ./Startup/syscalls.o
 .debug_macro   0x0000000000000000       0x16 ./Startup/syscalls.o
 .debug_macro   0x0000000000000000       0x43 ./Startup/syscalls.o
 .debug_macro   0x0000000000000000       0x34 ./Startup/syscalls.o
 .debug_macro   0x0000000000000000       0x10 ./Startup/syscalls.o
 .debug_macro   0x0000000000000000       0x58 ./Startup/syscalls.o
 .debug_macro   0x0000000000000000       0x71 ./Startup/syscalls.o
 .debug_macro   0x0000000000000000       0x1c ./Startup/syscalls.o
 .debug_macro   0x0000000000000000      0x12a ./Startup/syscalls.o
 .debug_macro   0x0000000000000000       0x10 ./Startup/syscalls.o
 .debug_macro   0x0000000000000000       0x35 ./Startup/syscalls.o
 .debug_macro   0x0000000000000000       0x10 ./Startup/syscalls.o
 .debug_macro   0x0000000000000000       0x10 ./Startup/syscalls.o
 .debug_macro   0x0000000000000000       0x10 ./Startup/syscalls.o
 .debug_macro   0x0000000000000000       0x6a ./Startup/syscalls.o
 .debug_macro   0x0000000000000000       0x1c ./Startup/syscalls.o
 .debug_macro   0x0000000000000000       0x52 ./Startup/syscalls.o
 .debug_macro   0x0000000000000000       0x22 ./Startup/syscalls.o
 .debug_macro   0x0000000000000000       0x10 ./Startup/syscalls.o
 .debug_macro   0x0000000000000000       0x40 ./Startup/syscalls.o
 .debug_macro   0x0000000000000000       0xd5 ./Startup/syscalls.o
 .debug_macro   0x0000000000000000       0x1c ./Startup/syscalls.o
 .debug_macro   0x0000000000000000       0x3d ./Startup/syscalls.o
 .debug_macro   0x0000000000000000       0x35 ./Startup/syscalls.o
 .debug_macro   0x0000000000000000      0x12c ./Startup/syscalls.o
 .debug_macro   0x0000000000000000       0x16 ./Startup/syscalls.o
 .debug_macro   0x0000000000000000       0x16 ./Startup/syscalls.o
 .debug_macro   0x0000000000000000       0x29 ./Startup/syscalls.o
 .debug_macro   0x0000000000000000       0x10 ./Startup/syscalls.o
 .debug_macro   0x0000000000000000      0x241 ./Startup/syscalls.o
 .debug_macro   0x0000000000000000       0x1c ./Startup/syscalls.o
 .debug_macro   0x0000000000000000       0x10 ./Startup/syscalls.o
 .debug_macro   0x0000000000000000       0x10 ./Startup/syscalls.o
 .debug_macro   0x0000000000000000       0x16 ./Startup/syscalls.o
 .debug_macro   0x0000000000000000      0x145 ./Startup/syscalls.o
 .debug_macro   0x0000000000000000      0x189 ./Startup/syscalls.o
 .debug_macro   0x0000000000000000       0x16 ./Startup/syscalls.o
 .debug_macro   0x0000000000000000       0xce ./Startup/syscalls.o
 .debug_line    0x0000000000000000      0x7d4 ./Startup/syscalls.o
 .debug_str     0x0000000000000000     0x8ef9 ./Startup/syscalls.o
 .comment       0x0000000000000000       0x54 ./Startup/syscalls.o
 .debug_frame   0x0000000000000000      0x2ac ./Startup/syscalls.o
 .ARM.attributes
                0x0000000000000000       0x34 ./Startup/syscalls.o
 .group         0x0000000000000000        0xc ./Startup/sysmem.o
 .group         0x0000000000000000        0xc ./Startup/sysmem.o
 .group         0x0000000000000000        0xc ./Startup/sysmem.o
 .group         0x0000000000000000        0xc ./Startup/sysmem.o
 .group         0x0000000000000000        0xc ./Startup/sysmem.o
 .group         0x0000000000000000        0xc ./Startup/sysmem.o
 .group         0x0000000000000000        0xc ./Startup/sysmem.o
 .group         0x0000000000000000        0xc ./Startup/sysmem.o
 .group         0x0000000000000000        0xc ./Startup/sysmem.o
 .group         0x0000000000000000        0xc ./Startup/sysmem.o
 .group         0x0000000000000000        0xc ./Startup/sysmem.o
 .group         0x0000000000000000        0xc ./Startup/sysmem.o
 .group         0x0000000000000000        0xc ./Startup/sysmem.o
 .group         0x0000000000000000        0xc ./Startup/sysmem.o
 .group         0x0000000000000000        0xc ./Startup/sysmem.o
 .group         0x0000000000000000        0xc ./Startup/sysmem.o
 .group         0x0000000000000000        0xc ./Startup/sysmem.o
 .group         0x0000000000000000        0xc ./Startup/sysmem.o
 .group         0x0000000000000000        0xc ./Startup/sysmem.o
 .group         0x0000000000000000        0xc ./Startup/sysmem.o
 .group         0x0000000000000000        0xc ./Startup/sysmem.o
 .group         0x0000000000000000        0xc ./Startup/sysmem.o
 .text          0x0000000000000000        0x0 ./Startup/sysmem.o
 .data          0x0000000000000000        0x0 ./Startup/sysmem.o
 .bss           0x0000000000000000        0x0 ./Startup/sysmem.o
 .bss.__sbrk_heap_end
                0x0000000000000000        0x4 ./Startup/sysmem.o
 .text._sbrk    0x0000000000000000       0x6c ./Startup/sysmem.o
 .debug_info    0x0000000000000000      0xa25 ./Startup/sysmem.o
 .debug_abbrev  0x0000000000000000      0x1bf ./Startup/sysmem.o
 .debug_aranges
                0x0000000000000000       0x20 ./Startup/sysmem.o
 .debug_ranges  0x0000000000000000       0x10 ./Startup/sysmem.o
 .debug_macro   0x0000000000000000       0xff ./Startup/sysmem.o
 .debug_macro   0x0000000000000000      0xab4 ./Startup/sysmem.o
 .debug_macro   0x0000000000000000       0x10 ./Startup/sysmem.o
 .debug_macro   0x0000000000000000       0x22 ./Startup/sysmem.o
 .debug_macro   0x0000000000000000       0x4c ./Startup/sysmem.o
 .debug_macro   0x0000000000000000       0x18 ./Startup/sysmem.o
 .debug_macro   0x0000000000000000       0x94 ./Startup/sysmem.o
 .debug_macro   0x0000000000000000       0x3c ./Startup/sysmem.o
 .debug_macro   0x0000000000000000       0x34 ./Startup/sysmem.o
 .debug_macro   0x0000000000000000      0x174 ./Startup/sysmem.o
 .debug_macro   0x0000000000000000       0x16 ./Startup/sysmem.o
 .debug_macro   0x0000000000000000       0x43 ./Startup/sysmem.o
 .debug_macro   0x0000000000000000       0x57 ./Startup/sysmem.o
 .debug_macro   0x0000000000000000       0x34 ./Startup/sysmem.o
 .debug_macro   0x0000000000000000       0x10 ./Startup/sysmem.o
 .debug_macro   0x0000000000000000       0x58 ./Startup/sysmem.o
 .debug_macro   0x0000000000000000       0x71 ./Startup/sysmem.o
 .debug_macro   0x0000000000000000       0x1c ./Startup/sysmem.o
 .debug_macro   0x0000000000000000      0x12a ./Startup/sysmem.o
 .debug_macro   0x0000000000000000      0x23b ./Startup/sysmem.o
 .debug_macro   0x0000000000000000      0x103 ./Startup/sysmem.o
 .debug_macro   0x0000000000000000       0x6a ./Startup/sysmem.o
 .debug_macro   0x0000000000000000      0x1df ./Startup/sysmem.o
 .debug_line    0x0000000000000000      0x4ca ./Startup/sysmem.o
 .debug_str     0x0000000000000000     0x62cc ./Startup/sysmem.o
 .comment       0x0000000000000000       0x54 ./Startup/sysmem.o
 .debug_frame   0x0000000000000000       0x34 ./Startup/sysmem.o
 .ARM.attributes
                0x0000000000000000       0x34 ./Startup/sysmem.o
 .text          0x0000000000000000        0x0 /opt/st/stm32cubeide_1.8.0/plugins/com.st.stm32cube.ide.mcu.externaltools.gnu-tools-for-stm32.9-2020-q2-update.linux64_2.0.0.202105311346/tools/bin/../lib/gcc/arm-none-eabi/9.3.1/../../../../arm-none-eabi/lib/thumb/v7e-m+fp/hard/libc_nano.a(lib_a-errno.o)
 .data          0x0000000000000000        0x0 /opt/st/stm32cubeide_1.8.0/plugins/com.st.stm32cube.ide.mcu.externaltools.gnu-tools-for-stm32.9-2020-q2-update.linux64_2.0.0.202105311346/tools/bin/../lib/gcc/arm-none-eabi/9.3.1/../../../../arm-none-eabi/lib/thumb/v7e-m+fp/hard/libc_nano.a(lib_a-errno.o)
 .bss           0x0000000000000000        0x0 /opt/st/stm32cubeide_1.8.0/plugins/com.st.stm32cube.ide.mcu.externaltools.gnu-tools-for-stm32.9-2020-q2-update.linux64_2.0.0.202105311346/tools/bin/../lib/gcc/arm-none-eabi/9.3.1/../../../../arm-none-eabi/lib/thumb/v7e-m+fp/hard/libc_nano.a(lib_a-errno.o)
 .text.__errno  0x0000000000000000        0xc /opt/st/stm32cubeide_1.8.0/plugins/com.st.stm32cube.ide.mcu.externaltools.gnu-tools-for-stm32.9-2020-q2-update.linux64_2.0.0.202105311346/tools/bin/../lib/gcc/arm-none-eabi/9.3.1/../../../../arm-none-eabi/lib/thumb/v7e-m+fp/hard/libc_nano.a(lib_a-errno.o)
 .debug_frame   0x0000000000000000       0x20 /opt/st/stm32cubeide_1.8.0/plugins/com.st.stm32cube.ide.mcu.externaltools.gnu-tools-for-stm32.9-2020-q2-update.linux64_2.0.0.202105311346/tools/bin/../lib/gcc/arm-none-eabi/9.3.1/../../../../arm-none-eabi/lib/thumb/v7e-m+fp/hard/libc_nano.a(lib_a-errno.o)
 .ARM.attributes
                0x0000000000000000       0x34 /opt/st/stm32cubeide_1.8.0/plugins/com.st.stm32cube.ide.mcu.externaltools.gnu-tools-for-stm32.9-2020-q2-update.linux64_2.0.0.202105311346/tools/bin/../lib/gcc/arm-none-eabi/9.3.1/../../../../arm-none-eabi/lib/thumb/v7e-m+fp/hard/libc_nano.a(lib_a-errno.o)
 .text          0x0000000000000000        0x0 /opt/st/stm32cubeide_1.8.0/plugins/com.st.stm32cube.ide.mcu.externaltools.gnu-tools-for-stm32.9-2020-q2-update.linux64_2.0.0.202105311346/tools/bin/../lib/gcc/arm-none-eabi/9.3.1/../../../../arm-none-eabi/lib/thumb/v7e-m+fp/hard/libc_nano.a(lib_a-exit.o)
 .data          0x0000000000000000        0x0 /opt/st/stm32cubeide_1.8.0/plugins/com.st.stm32cube.ide.mcu.externaltools.gnu-tools-for-stm32.9-2020-q2-update.linux64_2.0.0.202105311346/tools/bin/../lib/gcc/arm-none-eabi/9.3.1/../../../../arm-none-eabi/lib/thumb/v7e-m+fp/hard/libc_nano.a(lib_a-exit.o)
 .bss           0x0000000000000000        0x0 /opt/st/stm32cubeide_1.8.0/plugins/com.st.stm32cube.ide.mcu.externaltools.gnu-tools-for-stm32.9-2020-q2-update.linux64_2.0.0.202105311346/tools/bin/../lib/gcc/arm-none-eabi/9.3.1/../../../../arm-none-eabi/lib/thumb/v7e-m+fp/hard/libc_nano.a(lib_a-exit.o)
 .text.exit     0x0000000000000000       0x28 /opt/st/stm32cubeide_1.8.0/plugins/com.st.stm32cube.ide.mcu.externaltools.gnu-tools-for-stm32.9-2020-q2-update.linux64_2.0.0.202105311346/tools/bin/../lib/gcc/arm-none-eabi/9.3.1/../../../../arm-none-eabi/lib/thumb/v7e-m+fp/hard/libc_nano.a(lib_a-exit.o)
 .debug_frame   0x0000000000000000       0x28 /opt/st/stm32cubeide_1.8.0/plugins/com.st.stm32cube.ide.mcu.externaltools.gnu-tools-for-stm32.9-2020-q2-update.linux64_2.0.0.202105311346/tools/bin/../lib/gcc/arm-none-eabi/9.3.1/../../../../arm-none-eabi/lib/thumb/v7e-m+fp/hard/libc_nano.a(lib_a-exit.o)
 .ARM.attributes
                0x0000000000000000       0x34 /opt/st/stm32cubeide_1.8.0/plugins/com.st.stm32cube.ide.mcu.externaltools.gnu-tools-for-stm32.9-2020-q2-update.linux64_2.0.0.202105311346/tools/bin/../lib/gcc/arm-none-eabi/9.3.1/../../../../arm-none-eabi/lib/thumb/v7e-m+fp/hard/libc_nano.a(lib_a-exit.o)
 .text          0x0000000000000000        0x0 /opt/st/stm32cubeide_1.8.0/plugins/com.st.stm32cube.ide.mcu.externaltools.gnu-tools-for-stm32.9-2020-q2-update.linux64_2.0.0.202105311346/tools/bin/../lib/gcc/arm-none-eabi/9.3.1/../../../../arm-none-eabi/lib/thumb/v7e-m+fp/hard/libc_nano.a(lib_a-impure.o)
 .data          0x0000000000000000        0x0 /opt/st/stm32cubeide_1.8.0/plugins/com.st.stm32cube.ide.mcu.externaltools.gnu-tools-for-stm32.9-2020-q2-update.linux64_2.0.0.202105311346/tools/bin/../lib/gcc/arm-none-eabi/9.3.1/../../../../arm-none-eabi/lib/thumb/v7e-m+fp/hard/libc_nano.a(lib_a-impure.o)
 .bss           0x0000000000000000        0x0 /opt/st/stm32cubeide_1.8.0/plugins/com.st.stm32cube.ide.mcu.externaltools.gnu-tools-for-stm32.9-2020-q2-update.linux64_2.0.0.202105311346/tools/bin/../lib/gcc/arm-none-eabi/9.3.1/../../../../arm-none-eabi/lib/thumb/v7e-m+fp/hard/libc_nano.a(lib_a-impure.o)
 .data._impure_ptr
                0x0000000000000000        0x4 /opt/st/stm32cubeide_1.8.0/plugins/com.st.stm32cube.ide.mcu.externaltools.gnu-tools-for-stm32.9-2020-q2-update.linux64_2.0.0.202105311346/tools/bin/../lib/gcc/arm-none-eabi/9.3.1/../../../../arm-none-eabi/lib/thumb/v7e-m+fp/hard/libc_nano.a(lib_a-impure.o)
 .data.impure_data
                0x0000000000000000       0x60 /opt/st/stm32cubeide_1.8.0/plugins/com.st.stm32cube.ide.mcu.externaltools.gnu-tools-for-stm32.9-2020-q2-update.linux64_2.0.0.202105311346/tools/bin/../lib/gcc/arm-none-eabi/9.3.1/../../../../arm-none-eabi/lib/thumb/v7e-m+fp/hard/libc_nano.a(lib_a-impure.o)
 .rodata._global_impure_ptr
                0x0000000000000000        0x4 /opt/st/stm32cubeide_1.8.0/plugins/com.st.stm32cube.ide.mcu.externaltools.gnu-tools-for-stm32.9-2020-q2-update.linux64_2.0.0.202105311346/tools/bin/../lib/gcc/arm-none-eabi/9.3.1/../../../../arm-none-eabi/lib/thumb/v7e-m+fp/hard/libc_nano.a(lib_a-impure.o)
 .ARM.attributes
                0x0000000000000000       0x32 /opt/st/stm32cubeide_1.8.0/plugins/com.st.stm32cube.ide.mcu.externaltools.gnu-tools-for-stm32.9-2020-q2-update.linux64_2.0.0.202105311346/tools/bin/../lib/gcc/arm-none-eabi/9.3.1/../../../../arm-none-eabi/lib/thumb/v7e-m+fp/hard/libc_nano.a(lib_a-impure.o)
 .text          0x0000000000000000        0x0 /opt/st/stm32cubeide_1.8.0/plugins/com.st.stm32cube.ide.mcu.externaltools.gnu-tools-for-stm32.9-2020-q2-update.linux64_2.0.0.202105311346/tools/bin/../lib/gcc/arm-none-eabi/9.3.1/../../../../arm-none-eabi/lib/thumb/v7e-m+fp/hard/libc_nano.a(lib_a-init.o)
 .data          0x0000000000000000        0x0 /opt/st/stm32cubeide_1.8.0/plugins/com.st.stm32cube.ide.mcu.externaltools.gnu-tools-for-stm32.9-2020-q2-update.linux64_2.0.0.202105311346/tools/bin/../lib/gcc/arm-none-eabi/9.3.1/../../../../arm-none-eabi/lib/thumb/v7e-m+fp/hard/libc_nano.a(lib_a-init.o)
 .bss           0x0000000000000000        0x0 /opt/st/stm32cubeide_1.8.0/plugins/com.st.stm32cube.ide.mcu.externaltools.gnu-tools-for-stm32.9-2020-q2-update.linux64_2.0.0.202105311346/tools/bin/../lib/gcc/arm-none-eabi/9.3.1/../../../../arm-none-eabi/lib/thumb/v7e-m+fp/hard/libc_nano.a(lib_a-init.o)
 .text          0x0000000000000000        0x0 /opt/st/stm32cubeide_1.8.0/plugins/com.st.stm32cube.ide.mcu.externaltools.gnu-tools-for-stm32.9-2020-q2-update.linux64_2.0.0.202105311346/tools/bin/../lib/gcc/arm-none-eabi/9.3.1/../../../../arm-none-eabi/lib/thumb/v7e-m+fp/hard/libc_nano.a(lib_a-memset.o)
 .data          0x0000000000000000        0x0 /opt/st/stm32cubeide_1.8.0/plugins/com.st.stm32cube.ide.mcu.externaltools.gnu-tools-for-stm32.9-2020-q2-update.linux64_2.0.0.202105311346/tools/bin/../lib/gcc/arm-none-eabi/9.3.1/../../../../arm-none-eabi/lib/thumb/v7e-m+fp/hard/libc_nano.a(lib_a-memset.o)
 .bss           0x0000000000000000        0x0 /opt/st/stm32cubeide_1.8.0/plugins/com.st.stm32cube.ide.mcu.externaltools.gnu-tools-for-stm32.9-2020-q2-update.linux64_2.0.0.202105311346/tools/bin/../lib/gcc/arm-none-eabi/9.3.1/../../../../arm-none-eabi/lib/thumb/v7e-m+fp/hard/libc_nano.a(lib_a-memset.o)
 .text.memset   0x0000000000000000       0x10 /opt/st/stm32cubeide_1.8.0/plugins/com.st.stm32cube.ide.mcu.externaltools.gnu-tools-for-stm32.9-2020-q2-update.linux64_2.0.0.202105311346/tools/bin/../lib/gcc/arm-none-eabi/9.3.1/../../../../arm-none-eabi/lib/thumb/v7e-m+fp/hard/libc_nano.a(lib_a-memset.o)
 .debug_frame   0x0000000000000000       0x20 /opt/st/stm32cubeide_1.8.0/plugins/com.st.stm32cube.ide.mcu.externaltools.gnu-tools-for-stm32.9-2020-q2-update.linux64_2.0.0.202105311346/tools/bin/../lib/gcc/arm-none-eabi/9.3.1/../../../../arm-none-eabi/lib/thumb/v7e-m+fp/hard/libc_nano.a(lib_a-memset.o)
 .ARM.attributes
                0x0000000000000000       0x34 /opt/st/stm32cubeide_1.8.0/plugins/com.st.stm32cube.ide.mcu.externaltools.gnu-tools-for-stm32.9-2020-q2-update.linux64_2.0.0.202105311346/tools/bin/../lib/gcc/arm-none-eabi/9.3.1/../../../../arm-none-eabi/lib/thumb/v7e-m+fp/hard/libc_nano.a(lib_a-memset.o)
 .data          0x0000000000000000        0x0 /opt/st/stm32cubeide_1.8.0/plugins/com.st.stm32cube.ide.mcu.externaltools.gnu-tools-for-stm32.9-2020-q2-update.linux64_2.0.0.202105311346/tools/bin/../lib/gcc/arm-none-eabi/9.3.1/../../../../arm-none-eabi/lib/thumb/v7e-m+fp/hard/libc_nano.a(lib_a-strlen.o)
 .bss           0x0000000000000000        0x0 /opt/st/stm32cubeide_1.8.0/plugins/com.st.stm32cube.ide.mcu.externaltools.gnu-tools-for-stm32.9-2020-q2-update.linux64_2.0.0.202105311346/tools/bin/../lib/gcc/arm-none-eabi/9.3.1/../../../../arm-none-eabi/lib/thumb/v7e-m+fp/hard/libc_nano.a(lib_a-strlen.o)
 .text          0x0000000000000000        0x0 /opt/st/stm32cubeide_1.8.0/plugins/com.st.stm32cube.ide.mcu.externaltools.gnu-tools-for-stm32.9-2020-q2-update.linux64_2.0.0.202105311346/tools/bin/../lib/gcc/arm-none-eabi/9.3.1/thumb/v7e-m+fp/hard/crtend.o
 .data          0x0000000000000000        0x0 /opt/st/stm32cubeide_1.8.0/plugins/com.st.stm32cube.ide.mcu.externaltools.gnu-tools-for-stm32.9-2020-q2-update.linux64_2.0.0.202105311346/tools/bin/../lib/gcc/arm-none-eabi/9.3.1/thumb/v7e-m+fp/hard/crtend.o
 .bss           0x0000000000000000        0x0 /opt/st/stm32cubeide_1.8.0/plugins/com.st.stm32cube.ide.mcu.externaltools.gnu-tools-for-stm32.9-2020-q2-update.linux64_2.0.0.202105311346/tools/bin/../lib/gcc/arm-none-eabi/9.3.1/thumb/v7e-m+fp/hard/crtend.o
 .eh_frame      0x0000000000000000        0x4 /opt/st/stm32cubeide_1.8.0/plugins/com.st.stm32cube.ide.mcu.externaltools.gnu-tools-for-stm32.9-2020-q2-update.linux64_2.0.0.202105311346/tools/bin/../lib/gcc/arm-none-eabi/9.3.1/thumb/v7e-m+fp/hard/crtend.o
 .ARM.attributes
                0x0000000000000000       0x32 /opt/st/stm32cubeide_1.8.0/plugins/com.st.stm32cube.ide.mcu.externaltools.gnu-tools-for-stm32.9-2020-q2-update.linux64_2.0.0.202105311346/tools/bin/../lib/gcc/arm-none-eabi/9.3.1/thumb/v7e-m+fp/hard/crtend.o
 .text          0x0000000000000000        0x0 /opt/st/stm32cubeide_1.8.0/plugins/com.st.stm32cube.ide.mcu.externaltools.gnu-tools-for-stm32.9-2020-q2-update.linux64_2.0.0.202105311346/tools/bin/../lib/gcc/arm-none-eabi/9.3.1/thumb/v7e-m+fp/hard/crtn.o
 .data          0x0000000000000000        0x0 /opt/st/stm32cubeide_1.8.0/plugins/com.st.stm32cube.ide.mcu.externaltools.gnu-tools-for-stm32.9-2020-q2-update.linux64_2.0.0.202105311346/tools/bin/../lib/gcc/arm-none-eabi/9.3.1/thumb/v7e-m+fp/hard/crtn.o
 .bss           0x0000000000000000        0x0 /opt/st/stm32cubeide_1.8.0/plugins/com.st.stm32cube.ide.mcu.externaltools.gnu-tools-for-stm32.9-2020-q2-update.linux64_2.0.0.202105311346/tools/bin/../lib/gcc/arm-none-eabi/9.3.1/thumb/v7e-m+fp/hard/crtn.o

Memory Configuration

Name             Origin             Length             Attributes
CCMRAM           0x0000000010000000 0x0000000000010000 xrw
RAM              0x0000000020000000 0x0000000000020000 xrw
FLASH            0x0000000008000000 0x0000000000100000 xr
*default*        0x0000000000000000 0xffffffffffffffff

Linker script and memory map

LOAD /opt/st/stm32cubeide_1.8.0/plugins/com.st.stm32cube.ide.mcu.externaltools.gnu-tools-for-stm32.9-2020-q2-update.linux64_2.0.0.202105311346/tools/bin/../lib/gcc/arm-none-eabi/9.3.1/thumb/v7e-m+fp/hard/crti.o
LOAD /opt/st/stm32cubeide_1.8.0/plugins/com.st.stm32cube.ide.mcu.externaltools.gnu-tools-for-stm32.9-2020-q2-update.linux64_2.0.0.202105311346/tools/bin/../lib/gcc/arm-none-eabi/9.3.1/thumb/v7e-m+fp/hard/crtbegin.o
LOAD /opt/st/stm32cubeide_1.8.0/plugins/com.st.stm32cube.ide.mcu.externaltools.gnu-tools-for-stm32.9-2020-q2-update.linux64_2.0.0.202105311346/tools/bin/../lib/gcc/arm-none-eabi/9.3.1/../../../../arm-none-eabi/lib/thumb/v7e-m+fp/hard/crt0.o
LOAD ./Drivers/Src/stm32f407xx_gpio_driver.o
LOAD ./Drivers/Src/stm32f407xx_spi_driver.o
LOAD ./Src/003spi_cmd.o
LOAD ./Startup/startup_stm32f407vgtx.o
LOAD ./Startup/syscalls.o
LOAD ./Startup/sysmem.o
START GROUP
LOAD /opt/st/stm32cubeide_1.8.0/plugins/com.st.stm32cube.ide.mcu.externaltools.gnu-tools-for-stm32.9-2020-q2-update.linux64_2.0.0.202105311346/tools/bin/../lib/gcc/arm-none-eabi/9.3.1/../../../../arm-none-eabi/lib/thumb/v7e-m+fp/hard/libc_nano.a
LOAD /opt/st/stm32cubeide_1.8.0/plugins/com.st.stm32cube.ide.mcu.externaltools.gnu-tools-for-stm32.9-2020-q2-update.linux64_2.0.0.202105311346/tools/bin/../lib/gcc/arm-none-eabi/9.3.1/../../../../arm-none-eabi/lib/thumb/v7e-m+fp/hard/libm.a
END GROUP
START GROUP
LOAD /opt/st/stm32cubeide_1.8.0/plugins/com.st.stm32cube.ide.mcu.externaltools.gnu-tools-for-stm32.9-2020-q2-update.linux64_2.0.0.202105311346/tools/bin/../lib/gcc/arm-none-eabi/9.3.1/thumb/v7e-m+fp/hard/libgcc.a
LOAD /opt/st/stm32cubeide_1.8.0/plugins/com.st.stm32cube.ide.mcu.externaltools.gnu-tools-for-stm32.9-2020-q2-update.linux64_2.0.0.202105311346/tools/bin/../lib/gcc/arm-none-eabi/9.3.1/../../../../arm-none-eabi/lib/thumb/v7e-m+fp/hard/libc_nano.a
END GROUP
START GROUP
LOAD /opt/st/stm32cubeide_1.8.0/plugins/com.st.stm32cube.ide.mcu.externaltools.gnu-tools-for-stm32.9-2020-q2-update.linux64_2.0.0.202105311346/tools/bin/../lib/gcc/arm-none-eabi/9.3.1/thumb/v7e-m+fp/hard/libgcc.a
LOAD /opt/st/stm32cubeide_1.8.0/plugins/com.st.stm32cube.ide.mcu.externaltools.gnu-tools-for-stm32.9-2020-q2-update.linux64_2.0.0.202105311346/tools/bin/../lib/gcc/arm-none-eabi/9.3.1/../../../../arm-none-eabi/lib/thumb/v7e-m+fp/hard/libc_nano.a
LOAD /opt/st/stm32cubeide_1.8.0/plugins/com.st.stm32cube.ide.mcu.externaltools.gnu-tools-for-stm32.9-2020-q2-update.linux64_2.0.0.202105311346/tools/bin/../lib/gcc/arm-none-eabi/9.3.1/../../../../arm-none-eabi/lib/thumb/v7e-m+fp/hard/libnosys.a
END GROUP
START GROUP
LOAD /opt/st/stm32cubeide_1.8.0/plugins/com.st.stm32cube.ide.mcu.externaltools.gnu-tools-for-stm32.9-2020-q2-update.linux64_2.0.0.202105311346/tools/bin/../lib/gcc/arm-none-eabi/9.3.1/thumb/v7e-m+fp/hard/libgcc.a
LOAD /opt/st/stm32cubeide_1.8.0/plugins/com.st.stm32cube.ide.mcu.externaltools.gnu-tools-for-stm32.9-2020-q2-update.linux64_2.0.0.202105311346/tools/bin/../lib/gcc/arm-none-eabi/9.3.1/../../../../arm-none-eabi/lib/thumb/v7e-m+fp/hard/libc_nano.a
LOAD /opt/st/stm32cubeide_1.8.0/plugins/com.st.stm32cube.ide.mcu.externaltools.gnu-tools-for-stm32.9-2020-q2-update.linux64_2.0.0.202105311346/tools/bin/../lib/gcc/arm-none-eabi/9.3.1/../../../../arm-none-eabi/lib/thumb/v7e-m+fp/hard/libnosys.a
END GROUP
LOAD /opt/st/stm32cubeide_1.8.0/plugins/com.st.stm32cube.ide.mcu.externaltools.gnu-tools-for-stm32.9-2020-q2-update.linux64_2.0.0.202105311346/tools/bin/../lib/gcc/arm-none-eabi/9.3.1/thumb/v7e-m+fp/hard/crtend.o
LOAD /opt/st/stm32cubeide_1.8.0/plugins/com.st.stm32cube.ide.mcu.externaltools.gnu-tools-for-stm32.9-2020-q2-update.linux64_2.0.0.202105311346/tools/bin/../lib/gcc/arm-none-eabi/9.3.1/thumb/v7e-m+fp/hard/crtn.o
                0x0000000020020000                _estack = (ORIGIN (RAM) + LENGTH (RAM))
                0x0000000000000200                _Min_Heap_Size = 0x200
                0x0000000000000400                _Min_Stack_Size = 0x400

.isr_vector     0x0000000008000000      0x1a8
                0x0000000008000000                . = ALIGN (0x4)
 *(.isr_vector)
 .isr_vector    0x0000000008000000      0x1a8 ./Startup/startup_stm32f407vgtx.o
                0x0000000008000000                g_pfnVectors
                0x00000000080001a8                . = ALIGN (0x4)

.text           0x00000000080001a8      0xa18
                0x00000000080001a8                . = ALIGN (0x4)
 *(.text)
 .text          0x00000000080001a8       0x40 /opt/st/stm32cubeide_1.8.0/plugins/com.st.stm32cube.ide.mcu.externaltools.gnu-tools-for-stm32.9-2020-q2-update.linux64_2.0.0.202105311346/tools/bin/../lib/gcc/arm-none-eabi/9.3.1/thumb/v7e-m+fp/hard/crtbegin.o
 .text          0x00000000080001e8       0x10 /opt/st/stm32cubeide_1.8.0/plugins/com.st.stm32cube.ide.mcu.externaltools.gnu-tools-for-stm32.9-2020-q2-update.linux64_2.0.0.202105311346/tools/bin/../lib/gcc/arm-none-eabi/9.3.1/../../../../arm-none-eabi/lib/thumb/v7e-m+fp/hard/libc_nano.a(lib_a-strlen.o)
                0x00000000080001e8                strlen
 *(.text*)
 .text.GPIO_PCLK_Control
                0x00000000080001f8      0x1d0 ./Drivers/Src/stm32f407xx_gpio_driver.o
                0x00000000080001f8                GPIO_PCLK_Control
 .text.GPIO_Init
                0x00000000080003c8      0x274 ./Drivers/Src/stm32f407xx_gpio_driver.o
                0x00000000080003c8                GPIO_Init
 .text.SPI_PCLK_Control
                0x000000000800063c      0x144 ./Drivers/Src/stm32f407xx_spi_driver.o
                0x000000000800063c                SPI_PCLK_Control
 .text.SPI_Init
                0x0000000008000780       0xd8 ./Drivers/Src/stm32f407xx_spi_driver.o
                0x0000000008000780                SPI_Init
 .text.SPI_GetFlagStatus
                0x0000000008000858       0x28 ./Drivers/Src/stm32f407xx_spi_driver.o
                0x0000000008000858                SPI_GetFlagStatus
 .text.SPI_SendData
                0x0000000008000880       0x6e ./Drivers/Src/stm32f407xx_spi_driver.o
                0x0000000008000880                SPI_SendData
 .text.SPI_Peri_Control
                0x00000000080008ee       0x38 ./Drivers/Src/stm32f407xx_spi_driver.o
                0x00000000080008ee                SPI_Peri_Control
 .text.SPI_SSOE_Control
                0x0000000008000926       0x38 ./Drivers/Src/stm32f407xx_spi_driver.o
                0x0000000008000926                SPI_SSOE_Control
 *fill*         0x000000000800095e        0x2 
 .text.SPI1_GPIOInit
                0x0000000008000960       0x58 ./Src/003spi_cmd.o
                0x0000000008000960                SPI1_GPIOInit
 .text.SPI1_Inits
                0x00000000080009b8       0x3c ./Src/003spi_cmd.o
                0x00000000080009b8                SPI1_Inits
 .text.SPI2_GPIOInit
                0x00000000080009f4       0x60 ./Src/003spi_cmd.o
                0x00000000080009f4                SPI2_GPIOInit
 .text.SPI2_Inits
                0x0000000008000a54       0x3c ./Src/003spi_cmd.o
                0x0000000008000a54                SPI2_Inits
 .text.main     0x0000000008000a90       0x7c ./Src/003spi_cmd.o
                0x0000000008000a90                main
 .text.Reset_Handler
                0x0000000008000b0c       0x50 ./Startup/startup_stm32f407vgtx.o
                0x0000000008000b0c                Reset_Handler
 .text.Default_Handler
                0x0000000008000b5c        0x2 ./Startup/startup_stm32f407vgtx.o
                0x0000000008000b5c                RTC_Alarm_IRQHandler
                0x0000000008000b5c                HASH_RNG_IRQHandler
                0x0000000008000b5c                EXTI2_IRQHandler
                0x0000000008000b5c                TIM8_CC_IRQHandler
                0x0000000008000b5c                DebugMon_Handler
                0x0000000008000b5c                TIM1_CC_IRQHandler
                0x0000000008000b5c                DMA2_Stream5_IRQHandler
                0x0000000008000b5c                HardFault_Handler
                0x0000000008000b5c                DMA1_Stream5_IRQHandler
                0x0000000008000b5c                SysTick_Handler
                0x0000000008000b5c                PVD_IRQHandler
                0x0000000008000b5c                SDIO_IRQHandler
                0x0000000008000b5c                TAMP_STAMP_IRQHandler
                0x0000000008000b5c                PendSV_Handler
                0x0000000008000b5c                NMI_Handler
                0x0000000008000b5c                CAN2_RX1_IRQHandler
                0x0000000008000b5c                EXTI3_IRQHandler
                0x0000000008000b5c                TIM8_TRG_COM_TIM14_IRQHandler
                0x0000000008000b5c                TIM1_UP_TIM10_IRQHandler
                0x0000000008000b5c                TIM8_UP_TIM13_IRQHandler
                0x0000000008000b5c                I2C3_ER_IRQHandler
                0x0000000008000b5c                LCD_TFT_IRQHandler
                0x0000000008000b5c                EXTI0_IRQHandler
                0x0000000008000b5c                I2C2_EV_IRQHandler
                0x0000000008000b5c                DMA1_Stream2_IRQHandler
                0x0000000008000b5c                CAN1_RX0_IRQHandler
                0x0000000008000b5c                FPU_IRQHandler
                0x0000000008000b5c                OTG_HS_WKUP_IRQHandler
                0x0000000008000b5c                UsageFault_Handler
                0x0000000008000b5c                CAN2_SCE_IRQHandler
                0x0000000008000b5c                DMA2_Stream2_IRQHandler
                0x0000000008000b5c                SPI1_IRQHandler
                0x0000000008000b5c                TIM6_DAC_IRQHandler
                0x0000000008000b5c                TIM1_BRK_TIM9_IRQHandler
                0x0000000008000b5c                DCMI_IRQHandler
                0x0000000008000b5c                CAN2_RX0_IRQHandler
                0x0000000008000b5c                DMA2_Stream3_IRQHandler
                0x0000000008000b5c                USART6_IRQHandler
                0x0000000008000b5c                USART3_IRQHandler
                0x0000000008000b5c                CRYP_IRQHandler
                0x0000000008000b5c                CAN1_RX1_IRQHandler
                0x0000000008000b5c                UART5_IRQHandler
                0x0000000008000b5c                DMA2_Stream0_IRQHandler
                0x0000000008000b5c                TIM4_IRQHandler
                0x0000000008000b5c                I2C1_EV_IRQHandler
                0x0000000008000b5c                DMA1_Stream6_IRQHandler
                0x0000000008000b5c                DMA1_Stream1_IRQHandler
                0x0000000008000b5c                UART4_IRQHandler
                0x0000000008000b5c                LCD_TFT_1_IRQHandler
                0x0000000008000b5c                TIM3_IRQHandler
                0x0000000008000b5c                RCC_IRQHandler
                0x0000000008000b5c                TIM8_BRK_TIM12_IRQHandler
                0x0000000008000b5c                Default_Handler
                0x0000000008000b5c                EXTI15_10_IRQHandler
                0x0000000008000b5c                ADC_IRQHandler
                0x0000000008000b5c                DMA1_Stream7_IRQHandler
                0x0000000008000b5c                TIM7_IRQHandler
                0x0000000008000b5c                CAN2_TX_IRQHandler
                0x0000000008000b5c                TIM5_IRQHandler
                0x0000000008000b5c                DMA2_Stream7_IRQHandler
                0x0000000008000b5c                I2C3_EV_IRQHandler
                0x0000000008000b5c                EXTI9_5_IRQHandler
                0x0000000008000b5c                RTC_WKUP_IRQHandler
                0x0000000008000b5c                ETH_WKUP_IRQHandler
                0x0000000008000b5c                SPI2_IRQHandler
                0x0000000008000b5c                OTG_HS_EP1_IN_IRQHandler
                0x0000000008000b5c                MemManage_Handler
                0x0000000008000b5c                DMA1_Stream0_IRQHandler
                0x0000000008000b5c                CAN1_TX_IRQHandler
                0x0000000008000b5c                SVC_Handler
                0x0000000008000b5c                EXTI4_IRQHandler
                0x0000000008000b5c                FSMC_IRQHandler
                0x0000000008000b5c                ETH_IRQHandler
                0x0000000008000b5c                OTG_HS_EP1_OUT_IRQHandler
                0x0000000008000b5c                WWDG_IRQHandler
                0x0000000008000b5c                TIM2_IRQHandler
                0x0000000008000b5c                OTG_FS_WKUP_IRQHandler
                0x0000000008000b5c                TIM1_TRG_COM_TIM11_IRQHandler
                0x0000000008000b5c                OTG_HS_IRQHandler
                0x0000000008000b5c                EXTI1_IRQHandler
                0x0000000008000b5c                USART2_IRQHandler
                0x0000000008000b5c                I2C2_ER_IRQHandler
                0x0000000008000b5c                DMA2_Stream1_IRQHandler
                0x0000000008000b5c                CAN1_SCE_IRQHandler
                0x0000000008000b5c                DMA2_Stream4_IRQHandler
                0x0000000008000b5c                BusFault_Handler
                0x0000000008000b5c                USART1_IRQHandler
                0x0000000008000b5c                OTG_FS_IRQHandler
                0x0000000008000b5c                SPI3_IRQHandler
                0x0000000008000b5c                DMA1_Stream4_IRQHandler
                0x0000000008000b5c                I2C1_ER_IRQHandler
                0x0000000008000b5c                DMA2_Stream6_IRQHandler
                0x0000000008000b5c                DMA1_Stream3_IRQHandler
 *fill*         0x0000000008000b5e        0x2 
 .text.__libc_init_array
                0x0000000008000b60       0x48 /opt/st/stm32cubeide_1.8.0/plugins/com.st.stm32cube.ide.mcu.externaltools.gnu-tools-for-stm32.9-2020-q2-update.linux64_2.0.0.202105311346/tools/bin/../lib/gcc/arm-none-eabi/9.3.1/../../../../arm-none-eabi/lib/thumb/v7e-m+fp/hard/libc_nano.a(lib_a-init.o)
                0x0000000008000b60                __libc_init_array
 *(.glue_7)
 .glue_7        0x0000000008000ba8        0x0 linker stubs
 *(.glue_7t)
 .glue_7t       0x0000000008000ba8        0x0 linker stubs
 *(.eh_frame)
 .eh_frame      0x0000000008000ba8        0x0 /opt/st/stm32cubeide_1.8.0/plugins/com.st.stm32cube.ide.mcu.externaltools.gnu-tools-for-stm32.9-2020-q2-update.linux64_2.0.0.202105311346/tools/bin/../lib/gcc/arm-none-eabi/9.3.1/thumb/v7e-m+fp/hard/crtbegin.o
 *(.init)
 .init          0x0000000008000ba8        0x4 /opt/st/stm32cubeide_1.8.0/plugins/com.st.stm32cube.ide.mcu.externaltools.gnu-tools-for-stm32.9-2020-q2-update.linux64_2.0.0.202105311346/tools/bin/../lib/gcc/arm-none-eabi/9.3.1/thumb/v7e-m+fp/hard/crti.o
                0x0000000008000ba8                _init
 .init          0x0000000008000bac        0x8 /opt/st/stm32cubeide_1.8.0/plugins/com.st.stm32cube.ide.mcu.externaltools.gnu-tools-for-stm32.9-2020-q2-update.linux64_2.0.0.202105311346/tools/bin/../lib/gcc/arm-none-eabi/9.3.1/thumb/v7e-m+fp/hard/crtn.o
 *(.fini)
 .fini          0x0000000008000bb4        0x4 /opt/st/stm32cubeide_1.8.0/plugins/com.st.stm32cube.ide.mcu.externaltools.gnu-tools-for-stm32.9-2020-q2-update.linux64_2.0.0.202105311346/tools/bin/../lib/gcc/arm-none-eabi/9.3.1/thumb/v7e-m+fp/hard/crti.o
                0x0000000008000bb4                _fini
 .fini          0x0000000008000bb8        0x8 /opt/st/stm32cubeide_1.8.0/plugins/com.st.stm32cube.ide.mcu.externaltools.gnu-tools-for-stm32.9-2020-q2-update.linux64_2.0.0.202105311346/tools/bin/../lib/gcc/arm-none-eabi/9.3.1/thumb/v7e-m+fp/hard/crtn.o
                0x0000000008000bc0                . = ALIGN (0x4)
                0x0000000008000bc0                _etext = .

.vfp11_veneer   0x0000000008000bc0        0x0
 .vfp11_veneer  0x0000000008000bc0        0x0 linker stubs

.v4_bx          0x0000000008000bc0        0x0
 .v4_bx         0x0000000008000bc0        0x0 linker stubs

.iplt           0x0000000008000bc0        0x0
 .iplt          0x0000000008000bc0        0x0 /opt/st/stm32cubeide_1.8.0/plugins/com.st.stm32cube.ide.mcu.externaltools.gnu-tools-for-stm32.9-2020-q2-update.linux64_2.0.0.202105311346/tools/bin/../lib/gcc/arm-none-eabi/9.3.1/thumb/v7e-m+fp/hard/crtbegin.o

.rodata         0x0000000008000bc0       0x18
                0x0000000008000bc0                . = ALIGN (0x4)
 *(.rodata)
 .rodata        0x0000000008000bc0       0x18 ./Src/003spi_cmd.o
 *(.rodata*)
                0x0000000008000bd8                . = ALIGN (0x4)

.rel.dyn        0x0000000008000bd8        0x0
 .rel.iplt      0x0000000008000bd8        0x0 /opt/st/stm32cubeide_1.8.0/plugins/com.st.stm32cube.ide.mcu.externaltools.gnu-tools-for-stm32.9-2020-q2-update.linux64_2.0.0.202105311346/tools/bin/../lib/gcc/arm-none-eabi/9.3.1/thumb/v7e-m+fp/hard/crtbegin.o

.ARM.extab      0x0000000008000bd8        0x0
                0x0000000008000bd8                . = ALIGN (0x4)
 *(.ARM.extab* .gnu.linkonce.armextab.*)
                0x0000000008000bd8                . = ALIGN (0x4)

.ARM            0x0000000008000bd8        0x0
                0x0000000008000bd8                . = ALIGN (0x4)
                0x0000000008000bd8                __exidx_start = .
 *(.ARM.exidx*)
                0x0000000008000bd8                __exidx_end = .
                0x0000000008000bd8                . = ALIGN (0x4)

.preinit_array  0x0000000008000bd8        0x0
                0x0000000008000bd8                . = ALIGN (0x4)
                0x0000000008000bd8                PROVIDE (__preinit_array_start = .)
 *(.preinit_array*)
                0x0000000008000bd8                PROVIDE (__preinit_array_end = .)
                0x0000000008000bd8                . = ALIGN (0x4)

.init_array     0x0000000008000bd8        0x4
                0x0000000008000bd8                . = ALIGN (0x4)
                0x0000000008000bd8                PROVIDE (__init_array_start = .)
 *(SORT_BY_NAME(.init_array.*))
 *(.init_array*)
 .init_array    0x0000000008000bd8        0x4 /opt/st/stm32cubeide_1.8.0/plugins/com.st.stm32cube.ide.mcu.externaltools.gnu-tools-for-stm32.9-2020-q2-update.linux64_2.0.0.202105311346/tools/bin/../lib/gcc/arm-none-eabi/9.3.1/thumb/v7e-m+fp/hard/crtbegin.o
                0x0000000008000bdc                PROVIDE (__init_array_end = .)
                0x0000000008000bdc                . = ALIGN (0x4)

.fini_array     0x0000000008000bdc        0x4
                0x0000000008000bdc                . = ALIGN (0x4)
                [!provide]                        PROVIDE (__fini_array_start = .)
 *(SORT_BY_NAME(.fini_array.*))
 *(.fini_array*)
 .fini_array    0x0000000008000bdc        0x4 /opt/st/stm32cubeide_1.8.0/plugins/com.st.stm32cube.ide.mcu.externaltools.gnu-tools-for-stm32.9-2020-q2-update.linux64_2.0.0.202105311346/tools/bin/../lib/gcc/arm-none-eabi/9.3.1/thumb/v7e-m+fp/hard/crtbegin.o
                [!provide]                        PROVIDE (__fini_array_end = .)
                0x0000000008000be0                . = ALIGN (0x4)
                0x0000000008000be0                _sidata = LOADADDR (.data)

.data           0x0000000020000000        0x0 load address 0x0000000008000be0
                0x0000000020000000                . = ALIGN (0x4)
                0x0000000020000000                _sdata = .
 *(.data)
 *(.data*)
 *(.RamFunc)
 *(.RamFunc*)
                0x0000000020000000                . = ALIGN (0x4)
                0x0000000020000000                _edata = .
                0x0000000008000be0                _siccmram = LOADADDR (.ccmram)

.igot.plt       0x0000000020000000        0x0 load address 0x0000000008000be0
 .igot.plt      0x0000000020000000        0x0 /opt/st/stm32cubeide_1.8.0/plugins/com.st.stm32cube.ide.mcu.externaltools.gnu-tools-for-stm32.9-2020-q2-update.linux64_2.0.0.202105311346/tools/bin/../lib/gcc/arm-none-eabi/9.3.1/thumb/v7e-m+fp/hard/crtbegin.o

.ccmram         0x0000000010000000        0x0 load address 0x0000000008000be0
                0x0000000010000000                . = ALIGN (0x4)
                0x0000000010000000                _sccmram = .
 *(.ccmram)
 *(.ccmram*)
                0x0000000010000000                . = ALIGN (0x4)
                0x0000000010000000                _eccmram = .
                0x0000000010000000                . = ALIGN (0x4)

.bss            0x0000000020000000       0x1c
                0x0000000020000000                _sbss = .
                0x0000000020000000                __bss_start__ = _sbss
 *(.bss)
 .bss           0x0000000020000000       0x1c /opt/st/stm32cubeide_1.8.0/plugins/com.st.stm32cube.ide.mcu.externaltools.gnu-tools-for-stm32.9-2020-q2-update.linux64_2.0.0.202105311346/tools/bin/../lib/gcc/arm-none-eabi/9.3.1/thumb/v7e-m+fp/hard/crtbegin.o
 *(.bss*)
 *(COMMON)
                0x000000002000001c                . = ALIGN (0x4)
                0x000000002000001c                _ebss = .
                0x000000002000001c                __bss_end__ = _ebss

._user_heap_stack
                0x000000002000001c      0x604
                0x0000000020000020                . = ALIGN (0x8)
 *fill*         0x000000002000001c        0x4 
                [!provide]                        PROVIDE (end = .)
                0x0000000020000020                PROVIDE (_end = .)
                0x0000000020000220                . = (. + _Min_Heap_Size)
 *fill*         0x0000000020000020      0x200 
                0x0000000020000620                . = (. + _Min_Stack_Size)
 *fill*         0x0000000020000220      0x400 
                0x0000000020000620                . = ALIGN (0x8)

/DISCARD/
 libc.a(*)
 libm.a(*)
 libgcc.a(*)

.ARM.attributes
                0x0000000000000000       0x30
 *(.ARM.attributes)
 .ARM.attributes
                0x0000000000000000       0x1e /opt/st/stm32cubeide_1.8.0/plugins/com.st.stm32cube.ide.mcu.externaltools.gnu-tools-for-stm32.9-2020-q2-update.linux64_2.0.0.202105311346/tools/bin/../lib/gcc/arm-none-eabi/9.3.1/thumb/v7e-m+fp/hard/crti.o
 .ARM.attributes
                0x000000000000001e       0x34 /opt/st/stm32cubeide_1.8.0/plugins/com.st.stm32cube.ide.mcu.externaltools.gnu-tools-for-stm32.9-2020-q2-update.linux64_2.0.0.202105311346/tools/bin/../lib/gcc/arm-none-eabi/9.3.1/thumb/v7e-m+fp/hard/crtbegin.o
 .ARM.attributes
                0x0000000000000052       0x34 ./Drivers/Src/stm32f407xx_gpio_driver.o
 .ARM.attributes
                0x0000000000000086       0x34 ./Drivers/Src/stm32f407xx_spi_driver.o
 .ARM.attributes
                0x00000000000000ba       0x34 ./Src/003spi_cmd.o
 .ARM.attributes
                0x00000000000000ee       0x21 ./Startup/startup_stm32f407vgtx.o
 .ARM.attributes
                0x000000000000010f       0x34 /opt/st/stm32cubeide_1.8.0/plugins/com.st.stm32cube.ide.mcu.externaltools.gnu-tools-for-stm32.9-2020-q2-update.linux64_2.0.0.202105311346/tools/bin/../lib/gcc/arm-none-eabi/9.3.1/../../../../arm-none-eabi/lib/thumb/v7e-m+fp/hard/libc_nano.a(lib_a-init.o)
 .ARM.attributes
                0x0000000000000143       0x17 /opt/st/stm32cubeide_1.8.0/plugins/com.st.stm32cube.ide.mcu.externaltools.gnu-tools-for-stm32.9-2020-q2-update.linux64_2.0.0.202105311346/tools/bin/../lib/gcc/arm-none-eabi/9.3.1/../../../../arm-none-eabi/lib/thumb/v7e-m+fp/hard/libc_nano.a(lib_a-strlen.o)
 .ARM.attributes
                0x000000000000015a       0x1e /opt/st/stm32cubeide_1.8.0/plugins/com.st.stm32cube.ide.mcu.externaltools.gnu-tools-for-stm32.9-2020-q2-update.linux64_2.0.0.202105311346/tools/bin/../lib/gcc/arm-none-eabi/9.3.1/thumb/v7e-m+fp/hard/crtn.o
OUTPUT(stm32f4xx_drivers.elf elf32-littlearm)
LOAD linker stubs
LOAD /opt/st/stm32cubeide_1.8.0/plugins/com.st.stm32cube.ide.mcu.externaltools.gnu-tools-for-stm32.9-2020-q2-update.linux64_2.0.0.202105311346/tools/bin/../lib/gcc/arm-none-eabi/9.3.1/../../../../arm-none-eabi/lib/thumb/v7e-m+fp/hard/libc.a
LOAD /opt/st/stm32cubeide_1.8.0/plugins/com.st.stm32cube.ide.mcu.externaltools.gnu-tools-for-stm32.9-2020-q2-update.linux64_2.0.0.202105311346/tools/bin/../lib/gcc/arm-none-eabi/9.3.1/../../../../arm-none-eabi/lib/thumb/v7e-m+fp/hard/libm.a
LOAD /opt/st/stm32cubeide_1.8.0/plugins/com.st.stm32cube.ide.mcu.externaltools.gnu-tools-for-stm32.9-2020-q2-update.linux64_2.0.0.202105311346/tools/bin/../lib/gcc/arm-none-eabi/9.3.1/thumb/v7e-m+fp/hard/libgcc.a

.debug_info     0x0000000000000000     0x18bd
 .debug_info    0x0000000000000000      0x6ab ./Drivers/Src/stm32f407xx_gpio_driver.o
 .debug_info    0x00000000000006ab      0x56a ./Drivers/Src/stm32f407xx_spi_driver.o
 .debug_info    0x0000000000000c15      0xc86 ./Src/003spi_cmd.o
 .debug_info    0x000000000000189b       0x22 ./Startup/startup_stm32f407vgtx.o

.debug_abbrev   0x0000000000000000      0x441
 .debug_abbrev  0x0000000000000000      0x12a ./Drivers/Src/stm32f407xx_gpio_driver.o
 .debug_abbrev  0x000000000000012a      0x132 ./Drivers/Src/stm32f407xx_spi_driver.o
 .debug_abbrev  0x000000000000025c      0x1d3 ./Src/003spi_cmd.o
 .debug_abbrev  0x000000000000042f       0x12 ./Startup/startup_stm32f407vgtx.o

.debug_aranges  0x0000000000000000      0x130
 .debug_aranges
                0x0000000000000000       0x70 ./Drivers/Src/stm32f407xx_gpio_driver.o
 .debug_aranges
                0x0000000000000070       0x58 ./Drivers/Src/stm32f407xx_spi_driver.o
 .debug_aranges
                0x00000000000000c8       0x40 ./Src/003spi_cmd.o
 .debug_aranges
                0x0000000000000108       0x28 ./Startup/startup_stm32f407vgtx.o

.debug_ranges   0x0000000000000000       0xf8
 .debug_ranges  0x0000000000000000       0x60 ./Drivers/Src/stm32f407xx_gpio_driver.o
 .debug_ranges  0x0000000000000060       0x48 ./Drivers/Src/stm32f407xx_spi_driver.o
 .debug_ranges  0x00000000000000a8       0x30 ./Src/003spi_cmd.o
 .debug_ranges  0x00000000000000d8       0x20 ./Startup/startup_stm32f407vgtx.o

.debug_macro    0x0000000000000000     0x20a1
 .debug_macro   0x0000000000000000       0x8c ./Drivers/Src/stm32f407xx_gpio_driver.o
 .debug_macro   0x000000000000008c      0xab4 ./Drivers/Src/stm32f407xx_gpio_driver.o
 .debug_macro   0x0000000000000b40       0x22 ./Drivers/Src/stm32f407xx_gpio_driver.o
 .debug_macro   0x0000000000000b62       0x8e ./Drivers/Src/stm32f407xx_gpio_driver.o
 .debug_macro   0x0000000000000bf0       0x51 ./Drivers/Src/stm32f407xx_gpio_driver.o
 .debug_macro   0x0000000000000c41      0x103 ./Drivers/Src/stm32f407xx_gpio_driver.o
 .debug_macro   0x0000000000000d44       0x6a ./Drivers/Src/stm32f407xx_gpio_driver.o
 .debug_macro   0x0000000000000dae      0x1df ./Drivers/Src/stm32f407xx_gpio_driver.o
 .debug_macro   0x0000000000000f8d      0x4b3 ./Drivers/Src/stm32f407xx_gpio_driver.o
 .debug_macro   0x0000000000001440       0xe2 ./Drivers/Src/stm32f407xx_gpio_driver.o
 .debug_macro   0x0000000000001522       0xf4 ./Drivers/Src/stm32f407xx_gpio_driver.o
 .debug_macro   0x0000000000001616       0x8c ./Drivers/Src/stm32f407xx_spi_driver.o
 .debug_macro   0x00000000000016a2      0x167 ./Src/003spi_cmd.o
 .debug_macro   0x0000000000001809       0x52 ./Src/003spi_cmd.o
 .debug_macro   0x000000000000185b       0x18 ./Src/003spi_cmd.o
 .debug_macro   0x0000000000001873       0x3c ./Src/003spi_cmd.o
 .debug_macro   0x00000000000018af       0x34 ./Src/003spi_cmd.o
 .debug_macro   0x00000000000018e3      0x174 ./Src/003spi_cmd.o
 .debug_macro   0x0000000000001a57       0x16 ./Src/003spi_cmd.o
 .debug_macro   0x0000000000001a6d       0x43 ./Src/003spi_cmd.o
 .debug_macro   0x0000000000001ab0       0x34 ./Src/003spi_cmd.o
 .debug_macro   0x0000000000001ae4       0x10 ./Src/003spi_cmd.o
 .debug_macro   0x0000000000001af4       0x58 ./Src/003spi_cmd.o
 .debug_macro   0x0000000000001b4c       0x71 ./Src/003spi_cmd.o
 .debug_macro   0x0000000000001bbd       0x1c ./Src/003spi_cmd.o
 .debug_macro   0x0000000000001bd9      0x12a ./Src/003spi_cmd.o
 .debug_macro   0x0000000000001d03      0x339 ./Src/003spi_cmd.o
 .debug_macro   0x000000000000203c       0x10 ./Src/003spi_cmd.o
 .debug_macro   0x000000000000204c       0x35 ./Src/003spi_cmd.o
 .debug_macro   0x0000000000002081       0x20 ./Src/003spi_cmd.o

.debug_line     0x0000000000000000     0x15bc
 .debug_line    0x0000000000000000      0x8aa ./Drivers/Src/stm32f407xx_gpio_driver.o
 .debug_line    0x00000000000008aa      0x632 ./Drivers/Src/stm32f407xx_spi_driver.o
 .debug_line    0x0000000000000edc      0x65c ./Src/003spi_cmd.o
 .debug_line    0x0000000000001538       0x84 ./Startup/startup_stm32f407vgtx.o

.debug_str      0x0000000000000000     0x9502
 .debug_str     0x0000000000000000     0x5e9a ./Drivers/Src/stm32f407xx_gpio_driver.o
                                       0x6029 (size before relaxing)
 .debug_str     0x0000000000005e9a      0x169 ./Drivers/Src/stm32f407xx_spi_driver.o
                                       0x5f55 (size before relaxing)
 .debug_str     0x0000000000006003     0x34ce ./Src/003spi_cmd.o
                                       0x93f3 (size before relaxing)
 .debug_str     0x00000000000094d1       0x31 ./Startup/startup_stm32f407vgtx.o
                                         0x83 (size before relaxing)

.comment        0x0000000000000000       0x53
 .comment       0x0000000000000000       0x53 ./Drivers/Src/stm32f407xx_gpio_driver.o
                                         0x54 (size before relaxing)
 .comment       0x0000000000000053       0x54 ./Drivers/Src/stm32f407xx_spi_driver.o
 .comment       0x0000000000000053       0x54 ./Src/003spi_cmd.o

.debug_frame    0x0000000000000000      0x3fc
 .debug_frame   0x0000000000000000      0x1c8 ./Drivers/Src/stm32f407xx_gpio_driver.o
 .debug_frame   0x00000000000001c8      0x144 ./Drivers/Src/stm32f407xx_spi_driver.o
 .debug_frame   0x000000000000030c       0xc4 ./Src/003spi_cmd.o
 .debug_frame   0x00000000000003d0       0x2c /opt/st/stm32cubeide_1.8.0/plugins/com.st.stm32cube.ide.mcu.externaltools.gnu-tools-for-stm32.9-2020-q2-update.linux64_2.0.0.202105311346/tools/bin/../lib/gcc/arm-none-eabi/9.3.1/../../../../arm-none-eabi/lib/thumb/v7e-m+fp/hard/libc_nano.a(lib_a-init.o)
