17:27:43 **** Clean-only build of configuration Debug for project stm32f4xx_drivers ****
make -j8 clean 
rm -rf ./Startup/startup_stm32f407vgtx.d ./Startup/startup_stm32f407vgtx.o
rm -rf ./Src/button_interrupt_PA0.d ./Src/button_interrupt_PA0.o ./Src/syscalls.d ./Src/syscalls.o ./Src/sysmem.d ./Src/sysmem.o
rm -rf ./Drivers/Src/stm32f407xx_gpio_driver.d ./Drivers/Src/stm32f407xx_gpio_driver.o ./Drivers/Src/stm32f407xx_spi_driver.d ./Drivers/Src/stm32f407xx_spi_driver.o
rm -rf default.size.stdout stm32f4xx_drivers.bin stm32f4xx_drivers.elf stm32f4xx_drivers.list
 
17:27:43 **** Build of configuration Debug for project stm32f4xx_drivers ****
make -j8 all 
arm-none-eabi-gcc -mcpu=cortex-m4 -g3 -DDEBUG -c -x assembler-with-cpp -MMD -MP -MF"Startup/startup_stm32f407vgtx.d" -MT"Startup/startup_stm32f407vgtx.o" --specs=nano.specs -mfpu=fpv4-sp-d16 -mfloat-abi=hard -mthumb -o "Startup/startup_stm32f407vgtx.o" "../Startup/startup_stm32f407vgtx.s"
arm-none-eabi-gcc "../Src/001SPI_RX_Test.c" -mcpu=cortex-m4 -std=gnu11 -g3 -DDEBUG -DSTM32 -DSTM32F407G_DISC1 -DSTM32F4 -DSTM32F407VGTx -c -I../Inc -I"/home/shak48/Documents/local-repo/EmbeddedC/STM32F407/src/stm32f4xx_drivers/Drivers/Inc" -O0 -ffunction-sections -fdata-sections -Wall -fstack-usage -MMD -MP -MF"Src/001SPI_RX_Test.d" -MT"Src/001SPI_RX_Test.o" --specs=nano.specs -mfpu=fpv4-sp-d16 -mfloat-abi=hard -mthumb -o "Src/001SPI_RX_Test.o"
arm-none-eabi-gcc "../Src/001SPI_Test.c" -mcpu=cortex-m4 -std=gnu11 -g3 -DDEBUG -DSTM32 -DSTM32F407G_DISC1 -DSTM32F4 -DSTM32F407VGTx -c -I../Inc -I"/home/shak48/Documents/local-repo/EmbeddedC/STM32F407/src/stm32f4xx_drivers/Drivers/Inc" -O0 -ffunction-sections -fdata-sections -Wall -fstack-usage -MMD -MP -MF"Src/001SPI_Test.d" -MT"Src/001SPI_Test.o" --specs=nano.specs -mfpu=fpv4-sp-d16 -mfloat-abi=hard -mthumb -o "Src/001SPI_Test.o"
arm-none-eabi-gcc "../Src/003spi_cmd.c" -mcpu=cortex-m4 -std=gnu11 -g3 -DDEBUG -DSTM32 -DSTM32F407G_DISC1 -DSTM32F4 -DSTM32F407VGTx -c -I../Inc -I"/home/shak48/Documents/local-repo/EmbeddedC/STM32F407/src/stm32f4xx_drivers/Drivers/Inc" -O0 -ffunction-sections -fdata-sections -Wall -fstack-usage -MMD -MP -MF"Src/003spi_cmd.d" -MT"Src/003spi_cmd.o" --specs=nano.specs -mfpu=fpv4-sp-d16 -mfloat-abi=hard -mthumb -o "Src/003spi_cmd.o"
arm-none-eabi-gcc "../Src/button_interrupt_PA0.c" -mcpu=cortex-m4 -std=gnu11 -g3 -DDEBUG -DSTM32 -DSTM32F407G_DISC1 -DSTM32F4 -DSTM32F407VGTx -c -I../Inc -I"/home/shak48/Documents/local-repo/EmbeddedC/STM32F407/src/stm32f4xx_drivers/Drivers/Inc" -O0 -ffunction-sections -fdata-sections -Wall -fstack-usage -MMD -MP -MF"Src/button_interrupt_PA0.d" -MT"Src/button_interrupt_PA0.o" --specs=nano.specs -mfpu=fpv4-sp-d16 -mfloat-abi=hard -mthumb -o "Src/button_interrupt_PA0.o"
arm-none-eabi-gcc "../Src/syscalls.c" -mcpu=cortex-m4 -std=gnu11 -g3 -DDEBUG -DSTM32 -DSTM32F407G_DISC1 -DSTM32F4 -DSTM32F407VGTx -c -I../Inc -I"/home/shak48/Documents/local-repo/EmbeddedC/STM32F407/src/stm32f4xx_drivers/Drivers/Inc" -O0 -ffunction-sections -fdata-sections -Wall -fstack-usage -MMD -MP -MF"Src/syscalls.d" -MT"Src/syscalls.o" --specs=nano.specs -mfpu=fpv4-sp-d16 -mfloat-abi=hard -mthumb -o "Src/syscalls.o"
arm-none-eabi-gcc "../Src/sysmem.c" -mcpu=cortex-m4 -std=gnu11 -g3 -DDEBUG -DSTM32 -DSTM32F407G_DISC1 -DSTM32F4 -DSTM32F407VGTx -c -I../Inc -I"/home/shak48/Documents/local-repo/EmbeddedC/STM32F407/src/stm32f4xx_drivers/Drivers/Inc" -O0 -ffunction-sections -fdata-sections -Wall -fstack-usage -MMD -MP -MF"Src/sysmem.d" -MT"Src/sysmem.o" --specs=nano.specs -mfpu=fpv4-sp-d16 -mfloat-abi=hard -mthumb -o "Src/sysmem.o"
arm-none-eabi-gcc "../Drivers/Src/stm32f407xx_gpio_driver.c" -mcpu=cortex-m4 -std=gnu11 -g3 -DDEBUG -DSTM32 -DSTM32F407G_DISC1 -DSTM32F4 -DSTM32F407VGTx -c -I../Inc -I"/home/shak48/Documents/local-repo/EmbeddedC/STM32F407/src/stm32f4xx_drivers/Drivers/Inc" -O0 -ffunction-sections -fdata-sections -Wall -fstack-usage -MMD -MP -MF"Drivers/Src/stm32f407xx_gpio_driver.d" -MT"Drivers/Src/stm32f407xx_gpio_driver.o" --specs=nano.specs -mfpu=fpv4-sp-d16 -mfloat-abi=hard -mthumb -o "Drivers/Src/stm32f407xx_gpio_driver.o"
arm-none-eabi-gcc "../Drivers/Src/stm32f407xx_spi_driver.c" -mcpu=cortex-m4 -std=gnu11 -g3 -DDEBUG -DSTM32 -DSTM32F407G_DISC1 -DSTM32F4 -DSTM32F407VGTx -c -I../Inc -I"/home/shak48/Documents/local-repo/EmbeddedC/STM32F407/src/stm32f4xx_drivers/Drivers/Inc" -O0 -ffunction-sections -fdata-sections -Wall -fstack-usage -MMD -MP -MF"Drivers/Src/stm32f407xx_spi_driver.d" -MT"Drivers/Src/stm32f407xx_spi_driver.o" --specs=nano.specs -mfpu=fpv4-sp-d16 -mfloat-abi=hard -mthumb -o "Drivers/Src/stm32f407xx_spi_driver.o"
arm-none-eabi-gcc -o "stm32f4xx_drivers.elf" @"objects.list"   -mcpu=cortex-m4 -T"/home/shak48/Documents/local-repo/EmbeddedC/STM32F407/src/stm32f4xx_drivers/STM32F407VGTX_FLASH.ld" --specs=nosys.specs -Wl,-Map="stm32f4xx_drivers.map" -Wl,--gc-sections -static -L"/home/shak48/Documents/local-repo/EmbeddedC/STM32F407/src/stm32f4xx_drivers/Drivers/Src" --specs=nano.specs -mfpu=fpv4-sp-d16 -mfloat-abi=hard -mthumb -Wl,--start-group -lc -lm -Wl,--end-group
/opt/st/stm32cubeide_1.8.0/plugins/com.st.stm32cube.ide.mcu.externaltools.gnu-tools-for-stm32.9-2020-q2-update.linux64_2.0.0.202105311346/tools/bin/../lib/gcc/arm-none-eabi/9.3.1/../../../../arm-none-eabi/bin/ld: ./Src/001SPI_Test.o: in function `SPI2_GPIOInit':
/home/shak48/Documents/local-repo/EmbeddedC/STM32F407/src/stm32f4xx_drivers/Debug/../Src/001SPI_Test.c:14: multiple definition of `SPI2_GPIOInit'; ./Src/001SPI_RX_Test.o:/home/shak48/Documents/local-repo/EmbeddedC/STM32F407/src/stm32f4xx_drivers/Debug/../Src/001SPI_RX_Test.c:61: first defined here
/opt/st/stm32cubeide_1.8.0/plugins/com.st.stm32cube.ide.mcu.externaltools.gnu-tools-for-stm32.9-2020-q2-update.linux64_2.0.0.202105311346/tools/bin/../lib/gcc/arm-none-eabi/9.3.1/../../../../arm-none-eabi/bin/ld: ./Src/001SPI_Test.o: in function `SPI2_Inits':
/home/shak48/Documents/local-repo/EmbeddedC/STM32F407/src/stm32f4xx_drivers/Debug/../Src/001SPI_Test.c:39: multiple definition of `SPI2_Inits'; ./Src/001SPI_RX_Test.o:/home/shak48/Documents/local-repo/EmbeddedC/STM32F407/src/stm32f4xx_drivers/Debug/../Src/001SPI_RX_Test.c:93: first defined here
/opt/st/stm32cubeide_1.8.0/plugins/com.st.stm32cube.ide.mcu.externaltools.gnu-tools-for-stm32.9-2020-q2-update.linux64_2.0.0.202105311346/tools/bin/../lib/gcc/arm-none-eabi/9.3.1/../../../../arm-none-eabi/bin/ld: ./Src/001SPI_Test.o: in function `main':
/home/shak48/Documents/local-repo/EmbeddedC/STM32F407/src/stm32f4xx_drivers/Debug/../Src/001SPI_Test.c:56: multiple definition of `main'; ./Src/001SPI_RX_Test.o:/home/shak48/Documents/local-repo/EmbeddedC/STM32F407/src/stm32f4xx_drivers/Debug/../Src/001SPI_RX_Test.c:111: first defined here
/opt/st/stm32cubeide_1.8.0/plugins/com.st.stm32cube.ide.mcu.externaltools.gnu-tools-for-stm32.9-2020-q2-update.linux64_2.0.0.202105311346/tools/bin/../lib/gcc/arm-none-eabi/9.3.1/../../../../arm-none-eabi/bin/ld: ./Src/003spi_cmd.o: in function `SPI1_GPIOInit':
/home/shak48/Documents/local-repo/EmbeddedC/STM32F407/src/stm32f4xx_drivers/Debug/../Src/003spi_cmd.c:9: multiple definition of `SPI1_GPIOInit'; ./Src/001SPI_RX_Test.o:/home/shak48/Documents/local-repo/EmbeddedC/STM32F407/src/stm32f4xx_drivers/Debug/../Src/001SPI_RX_Test.c:9: first defined here
/opt/st/stm32cubeide_1.8.0/plugins/com.st.stm32cube.ide.mcu.externaltools.gnu-tools-for-stm32.9-2020-q2-update.linux64_2.0.0.202105311346/tools/bin/../lib/gcc/arm-none-eabi/9.3.1/../../../../arm-none-eabi/bin/ld: ./Src/003spi_cmd.o: in function `SPI1_Inits':
/home/shak48/Documents/local-repo/EmbeddedC/STM32F407/src/stm32f4xx_drivers/Debug/../Src/003spi_cmd.c:34: multiple definition of `SPI1_Inits'; ./Src/001SPI_RX_Test.o:/home/shak48/Documents/local-repo/EmbeddedC/STM32F407/src/stm32f4xx_drivers/Debug/../Src/001SPI_RX_Test.c:34: first defined here
/opt/st/stm32cubeide_1.8.0/plugins/com.st.stm32cube.ide.mcu.externaltools.gnu-tools-for-stm32.9-2020-q2-update.linux64_2.0.0.202105311346/tools/bin/../lib/gcc/arm-none-eabi/9.3.1/../../../../arm-none-eabi/bin/ld: ./Src/003spi_cmd.o: in function `SPI2_GPIOInit':
/home/shak48/Documents/local-repo/EmbeddedC/STM32F407/src/stm32f4xx_drivers/Debug/../Src/003spi_cmd.c:61: multiple definition of `SPI2_GPIOInit'; ./Src/001SPI_RX_Test.o:/home/shak48/Documents/local-repo/EmbeddedC/STM32F407/src/stm32f4xx_drivers/Debug/../Src/001SPI_RX_Test.c:61: first defined here
/opt/st/stm32cubeide_1.8.0/plugins/com.st.stm32cube.ide.mcu.externaltools.gnu-tools-for-stm32.9-2020-q2-update.linux64_2.0.0.202105311346/tools/bin/../lib/gcc/arm-none-eabi/9.3.1/../../../../arm-none-eabi/bin/ld: ./Src/003spi_cmd.o: in function `SPI2_Inits':
/home/shak48/Documents/local-repo/EmbeddedC/STM32F407/src/stm32f4xx_drivers/Debug/../Src/003spi_cmd.c:93: multiple definition of `SPI2_Inits'; ./Src/001SPI_RX_Test.o:/home/shak48/Documents/local-repo/EmbeddedC/STM32F407/src/stm32f4xx_drivers/Debug/../Src/001SPI_RX_Test.c:93: first defined here
/opt/st/stm32cubeide_1.8.0/plugins/com.st.stm32cube.ide.mcu.externaltools.gnu-tools-for-stm32.9-2020-q2-update.linux64_2.0.0.202105311346/tools/bin/../lib/gcc/arm-none-eabi/9.3.1/../../../../arm-none-eabi/bin/ld: ./Src/003spi_cmd.o: in function `main':
/home/shak48/Documents/local-repo/EmbeddedC/STM32F407/src/stm32f4xx_drivers/Debug/../Src/003spi_cmd.c:111: multiple definition of `main'; ./Src/001SPI_RX_Test.o:/home/shak48/Documents/local-repo/EmbeddedC/STM32F407/src/stm32f4xx_drivers/Debug/../Src/001SPI_RX_Test.c:111: first defined here
/opt/st/stm32cubeide_1.8.0/plugins/com.st.stm32cube.ide.mcu.externaltools.gnu-tools-for-stm32.9-2020-q2-update.linux64_2.0.0.202105311346/tools/bin/../lib/gcc/arm-none-eabi/9.3.1/../../../../arm-none-eabi/bin/ld: ./Src/button_interrupt_PA0.o: in function `main':
/home/shak48/Documents/local-repo/EmbeddedC/STM32F407/src/stm32f4xx_drivers/Debug/../Src/button_interrupt_PA0.c:13: multiple definition of `main'; ./Src/001SPI_RX_Test.o:/home/shak48/Documents/local-repo/EmbeddedC/STM32F407/src/stm32f4xx_drivers/Debug/../Src/001SPI_RX_Test.c:111: first defined here
collect2: error: ld returned 1 exit status
make: *** [makefile:64: stm32f4xx_drivers.elf] Error 1
"make -j8 all" terminated with exit code 2. Build might be incomplete.
17:28:43 **** Clean-only build of configuration Debug for project stm32f4xx_drivers ****
make -j8 clean 
rm -rf ./Startup/startup_stm32f407vgtx.d ./Startup/startup_stm32f407vgtx.o
rm -rf ./Src/001SPI_RX_Test.d ./Src/001SPI_RX_Test.o ./Src/001SPI_Test.d ./Src/001SPI_Test.o ./Src/003spi_cmd.d ./Src/003spi_cmd.o ./Src/button_interrupt_PA0.d ./Src/button_interrupt_PA0.o ./Src/syscalls.d ./Src/syscalls.o ./Src/sysmem.d ./Src/sysmem.o
rm -rf ./Drivers/Src/stm32f407xx_gpio_driver.d ./Drivers/Src/stm32f407xx_gpio_driver.o ./Drivers/Src/stm32f407xx_spi_driver.d ./Drivers/Src/stm32f407xx_spi_driver.o
rm -rf default.size.stdout stm32f4xx_drivers.bin stm32f4xx_drivers.elf stm32f4xx_drivers.list
 
17:28:43 **** Incremental Build of configuration Debug for project stm32f4xx_drivers ****
make -j8 all 
arm-none-eabi-gcc -mcpu=cortex-m4 -g3 -DDEBUG -c -x assembler-with-cpp -MMD -MP -MF"Startup/startup_stm32f407vgtx.d" -MT"Startup/startup_stm32f407vgtx.o" --specs=nano.specs -mfpu=fpv4-sp-d16 -mfloat-abi=hard -mthumb -o "Startup/startup_stm32f407vgtx.o" "../Startup/startup_stm32f407vgtx.s"
arm-none-eabi-gcc "../Startup/syscalls.c" -mcpu=cortex-m4 -std=gnu11 -g3 -DDEBUG -DSTM32 -DSTM32F407G_DISC1 -DSTM32F4 -DSTM32F407VGTx -c -I../Inc -I"/home/shak48/Documents/local-repo/EmbeddedC/STM32F407/src/stm32f4xx_drivers/Drivers/Inc" -O0 -ffunction-sections -fdata-sections -Wall -fstack-usage -MMD -MP -MF"Startup/syscalls.d" -MT"Startup/syscalls.o" --specs=nano.specs -mfpu=fpv4-sp-d16 -mfloat-abi=hard -mthumb -o "Startup/syscalls.o"
arm-none-eabi-gcc "../Startup/sysmem.c" -mcpu=cortex-m4 -std=gnu11 -g3 -DDEBUG -DSTM32 -DSTM32F407G_DISC1 -DSTM32F4 -DSTM32F407VGTx -c -I../Inc -I"/home/shak48/Documents/local-repo/EmbeddedC/STM32F407/src/stm32f4xx_drivers/Drivers/Inc" -O0 -ffunction-sections -fdata-sections -Wall -fstack-usage -MMD -MP -MF"Startup/sysmem.d" -MT"Startup/sysmem.o" --specs=nano.specs -mfpu=fpv4-sp-d16 -mfloat-abi=hard -mthumb -o "Startup/sysmem.o"
arm-none-eabi-gcc "../Src/003spi_cmd.c" -mcpu=cortex-m4 -std=gnu11 -g3 -DDEBUG -DSTM32 -DSTM32F407G_DISC1 -DSTM32F4 -DSTM32F407VGTx -c -I../Inc -I"/home/shak48/Documents/local-repo/EmbeddedC/STM32F407/src/stm32f4xx_drivers/Drivers/Inc" -O0 -ffunction-sections -fdata-sections -Wall -fstack-usage -MMD -MP -MF"Src/003spi_cmd.d" -MT"Src/003spi_cmd.o" --specs=nano.specs -mfpu=fpv4-sp-d16 -mfloat-abi=hard -mthumb -o "Src/003spi_cmd.o"
arm-none-eabi-gcc "../Drivers/Src/stm32f407xx_gpio_driver.c" -mcpu=cortex-m4 -std=gnu11 -g3 -DDEBUG -DSTM32 -DSTM32F407G_DISC1 -DSTM32F4 -DSTM32F407VGTx -c -I../Inc -I"/home/shak48/Documents/local-repo/EmbeddedC/STM32F407/src/stm32f4xx_drivers/Drivers/Inc" -O0 -ffunction-sections -fdata-sections -Wall -fstack-usage -MMD -MP -MF"Drivers/Src/stm32f407xx_gpio_driver.d" -MT"Drivers/Src/stm32f407xx_gpio_driver.o" --specs=nano.specs -mfpu=fpv4-sp-d16 -mfloat-abi=hard -mthumb -o "Drivers/Src/stm32f407xx_gpio_driver.o"
arm-none-eabi-gcc "../Drivers/Src/stm32f407xx_spi_driver.c" -mcpu=cortex-m4 -std=gnu11 -g3 -DDEBUG -DSTM32 -DSTM32F407G_DISC1 -DSTM32F4 -DSTM32F407VGTx -c -I../Inc -I"/home/shak48/Documents/local-repo/EmbeddedC/STM32F407/src/stm32f4xx_drivers/Drivers/Inc" -O0 -ffunction-sections -fdata-sections -Wall -fstack-usage -MMD -MP -MF"Drivers/Src/stm32f407xx_spi_driver.d" -MT"Drivers/Src/stm32f407xx_spi_driver.o" --specs=nano.specs -mfpu=fpv4-sp-d16 -mfloat-abi=hard -mthumb -o "Drivers/Src/stm32f407xx_spi_driver.o"
arm-none-eabi-gcc -o "stm32f4xx_drivers.elf" @"objects.list"   -mcpu=cortex-m4 -T"/home/shak48/Documents/local-repo/EmbeddedC/STM32F407/src/stm32f4xx_drivers/STM32F407VGTX_FLASH.ld" --specs=nosys.specs -Wl,-Map="stm32f4xx_drivers.map" -Wl,--gc-sections -static -L"/home/shak48/Documents/local-repo/EmbeddedC/STM32F407/src/stm32f4xx_drivers/Drivers/Src" --specs=nano.specs -mfpu=fpv4-sp-d16 -mfloat-abi=hard -mthumb -Wl,--start-group -lc -lm -Wl,--end-group
Finished building target: stm32f4xx_drivers.elf
 
arm-none-eabi-size   stm32f4xx_drivers.elf 
arm-none-eabi-objdump -h -S  stm32f4xx_drivers.elf  > "stm32f4xx_drivers.list"
arm-none-eabi-objcopy  -O binary  stm32f4xx_drivers.elf  "stm32f4xx_drivers.bin"
   text	   data	    bss	    dec	    hex	filename
   3032	      8	   1568	   4608	   1200	stm32f4xx_drivers.elf
Finished building: default.size.stdout
 
Finished building: stm32f4xx_drivers.bin
 
Finished building: stm32f4xx_drivers.list
 
