16:30:23 **** Incremental Build of configuration Debug for project 007TasksLedsNotifyPriority ****
make -j8 all 
arm-none-eabi-gcc "../Core/Src/main.c" -mcpu=cortex-m4 -std=gnu11 -g3 -DDEBUG -DUSE_HAL_DRIVER -DSTM32F407xx -c -I../Core/Inc -I../Drivers/STM32F4xx_HAL_Driver/Inc -I../Drivers/STM32F4xx_HAL_Driver/Inc/Legacy -I../Drivers/CMSIS/Device/ST/STM32F4xx/Include -I../Drivers/CMSIS/Include -I/home/shak48/Documents/local-repo/EmbeddedC/STM32F407/Src/common/ThirdParty/FreeRTOS/include -I/home/shak48/Documents/local-repo/EmbeddedC/STM32F407/Src/common/ThirdParty/FreeRTOS/portable/GCC/ARM_CM4F -I/home/shak48/Documents/local-repo/EmbeddedC/STM32F407/Src/common/ThirdParty/SEGGER/SEGGER -I/home/shak48/Documents/local-repo/EmbeddedC/STM32F407/Src/common/ThirdParty/SEGGER/OS -I/home/shak48/Documents/local-repo/EmbeddedC/STM32F407/Src/common/ThirdParty/SEGGER/Config -O0 -ffunction-sections -fdata-sections -Wall -fstack-usage -MMD -MP -MF"Core/Src/main.d" -MT"Core/Src/main.o" --specs=nano.specs -mfpu=fpv4-sp-d16 -mfloat-abi=hard -mthumb -o "Core/Src/main.o"
arm-none-eabi-gcc -o "007TasksLedsNotifyPriority.elf" @"objects.list"   -mcpu=cortex-m4 -T"/home/shak48/Documents/local-repo/EmbeddedC/STM32F407/Src/007TasksLedsNotifyPriority/STM32F407VGTX_FLASH.ld" --specs=nosys.specs -Wl,-Map="007TasksLedsNotifyPriority.map" -Wl,--gc-sections -static --specs=nano.specs -mfpu=fpv4-sp-d16 -mfloat-abi=hard -mthumb -Wl,--start-group -lc -lm -Wl,--end-group
Finished building target: 007TasksLedsNotifyPriority.elf
 
arm-none-eabi-size   007TasksLedsNotifyPriority.elf 
arm-none-eabi-objdump -h -S  007TasksLedsNotifyPriority.elf  > "007TasksLedsNotifyPriority.list"
arm-none-eabi-objcopy  -O binary  007TasksLedsNotifyPriority.elf  "007TasksLedsNotifyPriority.bin"
   text	   data	    bss	    dec	    hex	filename
  28964	     28	  84644	 113636	  1bbe4	007TasksLedsNotifyPriority.elf
Finished building: default.size.stdout
 
Finished building: 007TasksLedsNotifyPriority.bin
 
Finished building: 007TasksLedsNotifyPriority.list
 

16:30:24 Build Finished. 0 errors, 0 warnings. (took 726ms)

