09:46:22 **** Incremental Build of configuration Debug for project 009LED_Toggle_Bitfield ****
make -j8 all 
arm-none-eabi-gcc "../drivers/src/source.c" -mcpu=cortex-m4 -std=gnu11 -g3 -DDEBUG -DSTM32 -DSTM32F407G_DISC1 -DSTM32F4 -DSTM32F407VGTx -c -I../Inc -I"/home/shak48/Documents/shak48-repos/EmbeddedC/STM32F407/src/009LED_Toggle_Bitfield/drivers/src" -I"/home/shak48/Documents/shak48-repos/EmbeddedC/STM32F407/src/009LED_Toggle_Bitfield/drivers/inc" -O0 -ffunction-sections -fdata-sections -Wall -fstack-usage -MMD -MP -MF"drivers/src/source.d" -MT"drivers/src/source.o" --specs=nano.specs -mfpu=fpv4-sp-d16 -mfloat-abi=hard -mthumb -o "drivers/src/source.o"
arm-none-eabi-gcc "../Src/main.c" -mcpu=cortex-m4 -std=gnu11 -g3 -DDEBUG -DSTM32 -DSTM32F407G_DISC1 -DSTM32F4 -DSTM32F407VGTx -c -I../Inc -I"/home/shak48/Documents/shak48-repos/EmbeddedC/STM32F407/src/009LED_Toggle_Bitfield/drivers/src" -I"/home/shak48/Documents/shak48-repos/EmbeddedC/STM32F407/src/009LED_Toggle_Bitfield/drivers/inc" -O0 -ffunction-sections -fdata-sections -Wall -fstack-usage -MMD -MP -MF"Src/main.d" -MT"Src/main.o" --specs=nano.specs -mfpu=fpv4-sp-d16 -mfloat-abi=hard -mthumb -o "Src/main.o"
arm-none-eabi-gcc "../Src/syscalls.c" -mcpu=cortex-m4 -std=gnu11 -g3 -DDEBUG -DSTM32 -DSTM32F407G_DISC1 -DSTM32F4 -DSTM32F407VGTx -c -I../Inc -I"/home/shak48/Documents/shak48-repos/EmbeddedC/STM32F407/src/009LED_Toggle_Bitfield/drivers/src" -I"/home/shak48/Documents/shak48-repos/EmbeddedC/STM32F407/src/009LED_Toggle_Bitfield/drivers/inc" -O0 -ffunction-sections -fdata-sections -Wall -fstack-usage -MMD -MP -MF"Src/syscalls.d" -MT"Src/syscalls.o" --specs=nano.specs -mfpu=fpv4-sp-d16 -mfloat-abi=hard -mthumb -o "Src/syscalls.o"
arm-none-eabi-gcc "../Src/sysmem.c" -mcpu=cortex-m4 -std=gnu11 -g3 -DDEBUG -DSTM32 -DSTM32F407G_DISC1 -DSTM32F4 -DSTM32F407VGTx -c -I../Inc -I"/home/shak48/Documents/shak48-repos/EmbeddedC/STM32F407/src/009LED_Toggle_Bitfield/drivers/src" -I"/home/shak48/Documents/shak48-repos/EmbeddedC/STM32F407/src/009LED_Toggle_Bitfield/drivers/inc" -O0 -ffunction-sections -fdata-sections -Wall -fstack-usage -MMD -MP -MF"Src/sysmem.d" -MT"Src/sysmem.o" --specs=nano.specs -mfpu=fpv4-sp-d16 -mfloat-abi=hard -mthumb -o "Src/sysmem.o"
arm-none-eabi-gcc -o "009LED_Toggle_Bitfield.elf" @"objects.list"   -mcpu=cortex-m4 -T"/home/shak48/Documents/shak48-repos/EmbeddedC/STM32F407/src/009LED_Toggle_Bitfield/STM32F407VGTX_FLASH.ld" --specs=nosys.specs -Wl,-Map="009LED_Toggle_Bitfield.map" -Wl,--gc-sections -static --specs=nano.specs -mfpu=fpv4-sp-d16 -mfloat-abi=hard -mthumb -Wl,--start-group -lc -lm -Wl,--end-group
Finished building target: 009LED_Toggle_Bitfield.elf
 
arm-none-eabi-size   009LED_Toggle_Bitfield.elf 
arm-none-eabi-objdump -h -S  009LED_Toggle_Bitfield.elf  > "009LED_Toggle_Bitfield.list"
arm-none-eabi-objcopy  -O binary  009LED_Toggle_Bitfield.elf  "009LED_Toggle_Bitfield.bin"
   text	   data	    bss	    dec	    hex	filename
   1012	      8	   1568	   2588	    a1c	009LED_Toggle_Bitfield.elf
Finished building: default.size.stdout
 
Finished building: 009LED_Toggle_Bitfield.bin
 
Finished building: 009LED_Toggle_Bitfield.list
 

09:46:23 Build Finished. 0 errors, 0 warnings. (took 520ms)

