18:57:32 **** Clean-only build of configuration Debug for project FreeRtos_Projects ****
make -j8 clean 
rm -rf ./ThirdParty/FreeRtos/portable/MemMang/heap_4.d ./ThirdParty/FreeRtos/portable/MemMang/heap_4.o
rm -rf ./ThirdParty/FreeRtos/portable/GCC/ARM_CM4F/port.d ./ThirdParty/FreeRtos/portable/GCC/ARM_CM4F/port.o
rm -rf ./ThirdParty/FreeRtos/croutine.d ./ThirdParty/FreeRtos/croutine.o ./ThirdParty/FreeRtos/event_groups.d ./ThirdParty/FreeRtos/event_groups.o ./ThirdParty/FreeRtos/list.d ./ThirdParty/FreeRtos/list.o ./ThirdParty/FreeRtos/queue.d ./ThirdParty/FreeRtos/queue.o ./ThirdParty/FreeRtos/stream_buffer.d ./ThirdParty/FreeRtos/stream_buffer.o ./ThirdParty/FreeRtos/tasks.d ./ThirdParty/FreeRtos/tasks.o ./ThirdParty/FreeRtos/timers.d ./ThirdParty/FreeRtos/timers.o
rm -rf ./Drivers/STM32F4xx_HAL_Driver/Src/stm32f4xx_hal.d ./Drivers/STM32F4xx_HAL_Driver/Src/stm32f4xx_hal.o ./Drivers/STM32F4xx_HAL_Driver/Src/stm32f4xx_hal_cortex.d ./Drivers/STM32F4xx_HAL_Driver/Src/stm32f4xx_hal_cortex.o ./Drivers/STM32F4xx_HAL_Driver/Src/stm32f4xx_hal_dma.d ./Drivers/STM32F4xx_HAL_Driver/Src/stm32f4xx_hal_dma.o ./Drivers/STM32F4xx_HAL_Driver/Src/stm32f4xx_hal_dma_ex.d ./Drivers/STM32F4xx_HAL_Driver/Src/stm32f4xx_hal_dma_ex.o ./Drivers/STM32F4xx_HAL_Driver/Src/stm32f4xx_hal_exti.d ./Drivers/STM32F4xx_HAL_Driver/Src/stm32f4xx_hal_exti.o ./Drivers/STM32F4xx_HAL_Driver/Src/stm32f4xx_hal_flash.d ./Drivers/STM32F4xx_HAL_Driver/Src/stm32f4xx_hal_flash.o ./Drivers/STM32F4xx_HAL_Driver/Src/stm32f4xx_hal_flash_ex.d ./Drivers/STM32F4xx_HAL_Driver/Src/stm32f4xx_hal_flash_ex.o ./Drivers/STM32F4xx_HAL_Driver/Src/stm32f4xx_hal_flash_ramfunc.d ./Drivers/STM32F4xx_HAL_Driver/Src/stm32f4xx_hal_flash_ramfunc.o ./Drivers/STM32F4xx_HAL_Driver/Src/stm32f4xx_hal_gpio.d ./Drivers/STM32F4xx_HAL_Driver/Src/stm32f4xx_hal_gpio.o ./Drivers/STM32F4xx_HAL_Driver/Src/stm32f4xx_hal_pwr.d ./Drivers/STM32F4xx_HAL_Driver/Src/stm32f4xx_hal_pwr.o ./Drivers/STM32F4xx_HAL_Driver/Src/stm32f4xx_hal_pwr_ex.d ./Drivers/STM32F4xx_HAL_Driver/Src/stm32f4xx_hal_pwr_ex.o ./Drivers/STM32F4xx_HAL_Driver/Src/stm32f4xx_hal_rcc.d ./Drivers/STM32F4xx_HAL_Driver/Src/stm32f4xx_hal_rcc.o ./Drivers/STM32F4xx_HAL_Driver/Src/stm32f4xx_hal_rcc_ex.d ./Drivers/STM32F4xx_HAL_Driver/Src/stm32f4xx_hal_rcc_ex.o ./Drivers/STM32F4xx_HAL_Driver/Src/stm32f4xx_hal_tim.d ./Drivers/STM32F4xx_HAL_Driver/Src/stm32f4xx_hal_tim.o ./Drivers/STM32F4xx_HAL_Driver/Src/stm32f4xx_hal_tim_ex.d ./Drivers/STM32F4xx_HAL_Driver/Src/stm32f4xx_hal_tim_ex.o
rm -rf ./Core/Startup/startup_stm32f407vgtx.d ./Core/Startup/startup_stm32f407vgtx.o
rm -rf ./Core/Src/main.d ./Core/Src/main.o ./Core/Src/stm32f4xx_hal_msp.d ./Core/Src/stm32f4xx_hal_msp.o ./Core/Src/stm32f4xx_hal_timebase_tim.d ./Core/Src/stm32f4xx_hal_timebase_tim.o ./Core/Src/stm32f4xx_it.d ./Core/Src/stm32f4xx_it.o ./Core/Src/syscalls.d ./Core/Src/syscalls.o ./Core/Src/system_stm32f4xx.d ./Core/Src/system_stm32f4xx.o
rm -rf FreeRtos_Projects.bin FreeRtos_Projects.elf FreeRtos_Projects.list default.size.stdout
 
18:57:33 **** Build of configuration Debug for project FreeRtos_Projects ****
make -j8 all 
arm-none-eabi-gcc "../ThirdParty/FreeRtos/portable/MemMang/heap_4.c" -mcpu=cortex-m4 -std=gnu11 -g3 -DDEBUG -DUSE_HAL_DRIVER -DSTM32F407xx -c -I../Core/Inc -I"/home/shak48/Documents/local-repo/EmbeddedC/STM32F407/Src/FreeRtos_Projects/ThirdParty/FreeRtos" -I"/home/shak48/Documents/local-repo/EmbeddedC/STM32F407/Src/FreeRtos_Projects/ThirdParty/FreeRtos" -I"/home/shak48/Documents/local-repo/EmbeddedC/STM32F407/Src/FreeRtos_Projects/ThirdParty/FreeRtos/include" -I"/home/shak48/Documents/local-repo/EmbeddedC/STM32F407/Src/FreeRtos_Projects/ThirdParty/FreeRtos/portable/GCC/ARM_CM4F" -I../Drivers/STM32F4xx_HAL_Driver/Inc -I../Drivers/STM32F4xx_HAL_Driver/Inc/Legacy -I../Drivers/CMSIS/Device/ST/STM32F4xx/Include -I../Drivers/CMSIS/Include -O0 -ffunction-sections -fdata-sections -Wall -fstack-usage -MMD -MP -MF"ThirdParty/FreeRtos/portable/MemMang/heap_4.d" -MT"ThirdParty/FreeRtos/portable/MemMang/heap_4.o" --specs=nano.specs -mfpu=fpv4-sp-d16 -mfloat-abi=hard -mthumb -o "ThirdParty/FreeRtos/portable/MemMang/heap_4.o"
arm-none-eabi-gcc "../ThirdParty/FreeRtos/portable/GCC/ARM_CM4F/port.c" -mcpu=cortex-m4 -std=gnu11 -g3 -DDEBUG -DUSE_HAL_DRIVER -DSTM32F407xx -c -I../Core/Inc -I"/home/shak48/Documents/local-repo/EmbeddedC/STM32F407/Src/FreeRtos_Projects/ThirdParty/FreeRtos" -I"/home/shak48/Documents/local-repo/EmbeddedC/STM32F407/Src/FreeRtos_Projects/ThirdParty/FreeRtos" -I"/home/shak48/Documents/local-repo/EmbeddedC/STM32F407/Src/FreeRtos_Projects/ThirdParty/FreeRtos/include" -I"/home/shak48/Documents/local-repo/EmbeddedC/STM32F407/Src/FreeRtos_Projects/ThirdParty/FreeRtos/portable/GCC/ARM_CM4F" -I../Drivers/STM32F4xx_HAL_Driver/Inc -I../Drivers/STM32F4xx_HAL_Driver/Inc/Legacy -I../Drivers/CMSIS/Device/ST/STM32F4xx/Include -I../Drivers/CMSIS/Include -O0 -ffunction-sections -fdata-sections -Wall -fstack-usage -MMD -MP -MF"ThirdParty/FreeRtos/portable/GCC/ARM_CM4F/port.d" -MT"ThirdParty/FreeRtos/portable/GCC/ARM_CM4F/port.o" --specs=nano.specs -mfpu=fpv4-sp-d16 -mfloat-abi=hard -mthumb -o "ThirdParty/FreeRtos/portable/GCC/ARM_CM4F/port.o"
arm-none-eabi-gcc "../ThirdParty/FreeRtos/croutine.c" -mcpu=cortex-m4 -std=gnu11 -g3 -DDEBUG -DUSE_HAL_DRIVER -DSTM32F407xx -c -I../Core/Inc -I"/home/shak48/Documents/local-repo/EmbeddedC/STM32F407/Src/FreeRtos_Projects/ThirdParty/FreeRtos" -I"/home/shak48/Documents/local-repo/EmbeddedC/STM32F407/Src/FreeRtos_Projects/ThirdParty/FreeRtos" -I"/home/shak48/Documents/local-repo/EmbeddedC/STM32F407/Src/FreeRtos_Projects/ThirdParty/FreeRtos/include" -I"/home/shak48/Documents/local-repo/EmbeddedC/STM32F407/Src/FreeRtos_Projects/ThirdParty/FreeRtos/portable/GCC/ARM_CM4F" -I../Drivers/STM32F4xx_HAL_Driver/Inc -I../Drivers/STM32F4xx_HAL_Driver/Inc/Legacy -I../Drivers/CMSIS/Device/ST/STM32F4xx/Include -I../Drivers/CMSIS/Include -O0 -ffunction-sections -fdata-sections -Wall -fstack-usage -MMD -MP -MF"ThirdParty/FreeRtos/croutine.d" -MT"ThirdParty/FreeRtos/croutine.o" --specs=nano.specs -mfpu=fpv4-sp-d16 -mfloat-abi=hard -mthumb -o "ThirdParty/FreeRtos/croutine.o"
arm-none-eabi-gcc "../ThirdParty/FreeRtos/event_groups.c" -mcpu=cortex-m4 -std=gnu11 -g3 -DDEBUG -DUSE_HAL_DRIVER -DSTM32F407xx -c -I../Core/Inc -I"/home/shak48/Documents/local-repo/EmbeddedC/STM32F407/Src/FreeRtos_Projects/ThirdParty/FreeRtos" -I"/home/shak48/Documents/local-repo/EmbeddedC/STM32F407/Src/FreeRtos_Projects/ThirdParty/FreeRtos" -I"/home/shak48/Documents/local-repo/EmbeddedC/STM32F407/Src/FreeRtos_Projects/ThirdParty/FreeRtos/include" -I"/home/shak48/Documents/local-repo/EmbeddedC/STM32F407/Src/FreeRtos_Projects/ThirdParty/FreeRtos/portable/GCC/ARM_CM4F" -I../Drivers/STM32F4xx_HAL_Driver/Inc -I../Drivers/STM32F4xx_HAL_Driver/Inc/Legacy -I../Drivers/CMSIS/Device/ST/STM32F4xx/Include -I../Drivers/CMSIS/Include -O0 -ffunction-sections -fdata-sections -Wall -fstack-usage -MMD -MP -MF"ThirdParty/FreeRtos/event_groups.d" -MT"ThirdParty/FreeRtos/event_groups.o" --specs=nano.specs -mfpu=fpv4-sp-d16 -mfloat-abi=hard -mthumb -o "ThirdParty/FreeRtos/event_groups.o"
arm-none-eabi-gcc "../ThirdParty/FreeRtos/list.c" -mcpu=cortex-m4 -std=gnu11 -g3 -DDEBUG -DUSE_HAL_DRIVER -DSTM32F407xx -c -I../Core/Inc -I"/home/shak48/Documents/local-repo/EmbeddedC/STM32F407/Src/FreeRtos_Projects/ThirdParty/FreeRtos" -I"/home/shak48/Documents/local-repo/EmbeddedC/STM32F407/Src/FreeRtos_Projects/ThirdParty/FreeRtos" -I"/home/shak48/Documents/local-repo/EmbeddedC/STM32F407/Src/FreeRtos_Projects/ThirdParty/FreeRtos/include" -I"/home/shak48/Documents/local-repo/EmbeddedC/STM32F407/Src/FreeRtos_Projects/ThirdParty/FreeRtos/portable/GCC/ARM_CM4F" -I../Drivers/STM32F4xx_HAL_Driver/Inc -I../Drivers/STM32F4xx_HAL_Driver/Inc/Legacy -I../Drivers/CMSIS/Device/ST/STM32F4xx/Include -I../Drivers/CMSIS/Include -O0 -ffunction-sections -fdata-sections -Wall -fstack-usage -MMD -MP -MF"ThirdParty/FreeRtos/list.d" -MT"ThirdParty/FreeRtos/list.o" --specs=nano.specs -mfpu=fpv4-sp-d16 -mfloat-abi=hard -mthumb -o "ThirdParty/FreeRtos/list.o"
arm-none-eabi-gcc "../ThirdParty/FreeRtos/queue.c" -mcpu=cortex-m4 -std=gnu11 -g3 -DDEBUG -DUSE_HAL_DRIVER -DSTM32F407xx -c -I../Core/Inc -I"/home/shak48/Documents/local-repo/EmbeddedC/STM32F407/Src/FreeRtos_Projects/ThirdParty/FreeRtos" -I"/home/shak48/Documents/local-repo/EmbeddedC/STM32F407/Src/FreeRtos_Projects/ThirdParty/FreeRtos" -I"/home/shak48/Documents/local-repo/EmbeddedC/STM32F407/Src/FreeRtos_Projects/ThirdParty/FreeRtos/include" -I"/home/shak48/Documents/local-repo/EmbeddedC/STM32F407/Src/FreeRtos_Projects/ThirdParty/FreeRtos/portable/GCC/ARM_CM4F" -I../Drivers/STM32F4xx_HAL_Driver/Inc -I../Drivers/STM32F4xx_HAL_Driver/Inc/Legacy -I../Drivers/CMSIS/Device/ST/STM32F4xx/Include -I../Drivers/CMSIS/Include -O0 -ffunction-sections -fdata-sections -Wall -fstack-usage -MMD -MP -MF"ThirdParty/FreeRtos/queue.d" -MT"ThirdParty/FreeRtos/queue.o" --specs=nano.specs -mfpu=fpv4-sp-d16 -mfloat-abi=hard -mthumb -o "ThirdParty/FreeRtos/queue.o"
arm-none-eabi-gcc "../ThirdParty/FreeRtos/stream_buffer.c" -mcpu=cortex-m4 -std=gnu11 -g3 -DDEBUG -DUSE_HAL_DRIVER -DSTM32F407xx -c -I../Core/Inc -I"/home/shak48/Documents/local-repo/EmbeddedC/STM32F407/Src/FreeRtos_Projects/ThirdParty/FreeRtos" -I"/home/shak48/Documents/local-repo/EmbeddedC/STM32F407/Src/FreeRtos_Projects/ThirdParty/FreeRtos" -I"/home/shak48/Documents/local-repo/EmbeddedC/STM32F407/Src/FreeRtos_Projects/ThirdParty/FreeRtos/include" -I"/home/shak48/Documents/local-repo/EmbeddedC/STM32F407/Src/FreeRtos_Projects/ThirdParty/FreeRtos/portable/GCC/ARM_CM4F" -I../Drivers/STM32F4xx_HAL_Driver/Inc -I../Drivers/STM32F4xx_HAL_Driver/Inc/Legacy -I../Drivers/CMSIS/Device/ST/STM32F4xx/Include -I../Drivers/CMSIS/Include -O0 -ffunction-sections -fdata-sections -Wall -fstack-usage -MMD -MP -MF"ThirdParty/FreeRtos/stream_buffer.d" -MT"ThirdParty/FreeRtos/stream_buffer.o" --specs=nano.specs -mfpu=fpv4-sp-d16 -mfloat-abi=hard -mthumb -o "ThirdParty/FreeRtos/stream_buffer.o"
arm-none-eabi-gcc "../ThirdParty/FreeRtos/tasks.c" -mcpu=cortex-m4 -std=gnu11 -g3 -DDEBUG -DUSE_HAL_DRIVER -DSTM32F407xx -c -I../Core/Inc -I"/home/shak48/Documents/local-repo/EmbeddedC/STM32F407/Src/FreeRtos_Projects/ThirdParty/FreeRtos" -I"/home/shak48/Documents/local-repo/EmbeddedC/STM32F407/Src/FreeRtos_Projects/ThirdParty/FreeRtos" -I"/home/shak48/Documents/local-repo/EmbeddedC/STM32F407/Src/FreeRtos_Projects/ThirdParty/FreeRtos/include" -I"/home/shak48/Documents/local-repo/EmbeddedC/STM32F407/Src/FreeRtos_Projects/ThirdParty/FreeRtos/portable/GCC/ARM_CM4F" -I../Drivers/STM32F4xx_HAL_Driver/Inc -I../Drivers/STM32F4xx_HAL_Driver/Inc/Legacy -I../Drivers/CMSIS/Device/ST/STM32F4xx/Include -I../Drivers/CMSIS/Include -O0 -ffunction-sections -fdata-sections -Wall -fstack-usage -MMD -MP -MF"ThirdParty/FreeRtos/tasks.d" -MT"ThirdParty/FreeRtos/tasks.o" --specs=nano.specs -mfpu=fpv4-sp-d16 -mfloat-abi=hard -mthumb -o "ThirdParty/FreeRtos/tasks.o"
arm-none-eabi-gcc "../ThirdParty/FreeRtos/timers.c" -mcpu=cortex-m4 -std=gnu11 -g3 -DDEBUG -DUSE_HAL_DRIVER -DSTM32F407xx -c -I../Core/Inc -I"/home/shak48/Documents/local-repo/EmbeddedC/STM32F407/Src/FreeRtos_Projects/ThirdParty/FreeRtos" -I"/home/shak48/Documents/local-repo/EmbeddedC/STM32F407/Src/FreeRtos_Projects/ThirdParty/FreeRtos" -I"/home/shak48/Documents/local-repo/EmbeddedC/STM32F407/Src/FreeRtos_Projects/ThirdParty/FreeRtos/include" -I"/home/shak48/Documents/local-repo/EmbeddedC/STM32F407/Src/FreeRtos_Projects/ThirdParty/FreeRtos/portable/GCC/ARM_CM4F" -I../Drivers/STM32F4xx_HAL_Driver/Inc -I../Drivers/STM32F4xx_HAL_Driver/Inc/Legacy -I../Drivers/CMSIS/Device/ST/STM32F4xx/Include -I../Drivers/CMSIS/Include -O0 -ffunction-sections -fdata-sections -Wall -fstack-usage -MMD -MP -MF"ThirdParty/FreeRtos/timers.d" -MT"ThirdParty/FreeRtos/timers.o" --specs=nano.specs -mfpu=fpv4-sp-d16 -mfloat-abi=hard -mthumb -o "ThirdParty/FreeRtos/timers.o"
arm-none-eabi-gcc "../Drivers/STM32F4xx_HAL_Driver/Src/stm32f4xx_hal.c" -mcpu=cortex-m4 -std=gnu11 -g3 -DDEBUG -DUSE_HAL_DRIVER -DSTM32F407xx -c -I../Core/Inc -I"/home/shak48/Documents/local-repo/EmbeddedC/STM32F407/Src/FreeRtos_Projects/ThirdParty/FreeRtos" -I"/home/shak48/Documents/local-repo/EmbeddedC/STM32F407/Src/FreeRtos_Projects/ThirdParty/FreeRtos" -I"/home/shak48/Documents/local-repo/EmbeddedC/STM32F407/Src/FreeRtos_Projects/ThirdParty/FreeRtos/include" -I"/home/shak48/Documents/local-repo/EmbeddedC/STM32F407/Src/FreeRtos_Projects/ThirdParty/FreeRtos/portable/GCC/ARM_CM4F" -I../Drivers/STM32F4xx_HAL_Driver/Inc -I../Drivers/STM32F4xx_HAL_Driver/Inc/Legacy -I../Drivers/CMSIS/Device/ST/STM32F4xx/Include -I../Drivers/CMSIS/Include -O0 -ffunction-sections -fdata-sections -Wall -fstack-usage -MMD -MP -MF"Drivers/STM32F4xx_HAL_Driver/Src/stm32f4xx_hal.d" -MT"Drivers/STM32F4xx_HAL_Driver/Src/stm32f4xx_hal.o" --specs=nano.specs -mfpu=fpv4-sp-d16 -mfloat-abi=hard -mthumb -o "Drivers/STM32F4xx_HAL_Driver/Src/stm32f4xx_hal.o"
arm-none-eabi-gcc "../Drivers/STM32F4xx_HAL_Driver/Src/stm32f4xx_hal_cortex.c" -mcpu=cortex-m4 -std=gnu11 -g3 -DDEBUG -DUSE_HAL_DRIVER -DSTM32F407xx -c -I../Core/Inc -I"/home/shak48/Documents/local-repo/EmbeddedC/STM32F407/Src/FreeRtos_Projects/ThirdParty/FreeRtos" -I"/home/shak48/Documents/local-repo/EmbeddedC/STM32F407/Src/FreeRtos_Projects/ThirdParty/FreeRtos" -I"/home/shak48/Documents/local-repo/EmbeddedC/STM32F407/Src/FreeRtos_Projects/ThirdParty/FreeRtos/include" -I"/home/shak48/Documents/local-repo/EmbeddedC/STM32F407/Src/FreeRtos_Projects/ThirdParty/FreeRtos/portable/GCC/ARM_CM4F" -I../Drivers/STM32F4xx_HAL_Driver/Inc -I../Drivers/STM32F4xx_HAL_Driver/Inc/Legacy -I../Drivers/CMSIS/Device/ST/STM32F4xx/Include -I../Drivers/CMSIS/Include -O0 -ffunction-sections -fdata-sections -Wall -fstack-usage -MMD -MP -MF"Drivers/STM32F4xx_HAL_Driver/Src/stm32f4xx_hal_cortex.d" -MT"Drivers/STM32F4xx_HAL_Driver/Src/stm32f4xx_hal_cortex.o" --specs=nano.specs -mfpu=fpv4-sp-d16 -mfloat-abi=hard -mthumb -o "Drivers/STM32F4xx_HAL_Driver/Src/stm32f4xx_hal_cortex.o"
arm-none-eabi-gcc "../Drivers/STM32F4xx_HAL_Driver/Src/stm32f4xx_hal_dma.c" -mcpu=cortex-m4 -std=gnu11 -g3 -DDEBUG -DUSE_HAL_DRIVER -DSTM32F407xx -c -I../Core/Inc -I"/home/shak48/Documents/local-repo/EmbeddedC/STM32F407/Src/FreeRtos_Projects/ThirdParty/FreeRtos" -I"/home/shak48/Documents/local-repo/EmbeddedC/STM32F407/Src/FreeRtos_Projects/ThirdParty/FreeRtos" -I"/home/shak48/Documents/local-repo/EmbeddedC/STM32F407/Src/FreeRtos_Projects/ThirdParty/FreeRtos/include" -I"/home/shak48/Documents/local-repo/EmbeddedC/STM32F407/Src/FreeRtos_Projects/ThirdParty/FreeRtos/portable/GCC/ARM_CM4F" -I../Drivers/STM32F4xx_HAL_Driver/Inc -I../Drivers/STM32F4xx_HAL_Driver/Inc/Legacy -I../Drivers/CMSIS/Device/ST/STM32F4xx/Include -I../Drivers/CMSIS/Include -O0 -ffunction-sections -fdata-sections -Wall -fstack-usage -MMD -MP -MF"Drivers/STM32F4xx_HAL_Driver/Src/stm32f4xx_hal_dma.d" -MT"Drivers/STM32F4xx_HAL_Driver/Src/stm32f4xx_hal_dma.o" --specs=nano.specs -mfpu=fpv4-sp-d16 -mfloat-abi=hard -mthumb -o "Drivers/STM32F4xx_HAL_Driver/Src/stm32f4xx_hal_dma.o"
arm-none-eabi-gcc "../Drivers/STM32F4xx_HAL_Driver/Src/stm32f4xx_hal_dma_ex.c" -mcpu=cortex-m4 -std=gnu11 -g3 -DDEBUG -DUSE_HAL_DRIVER -DSTM32F407xx -c -I../Core/Inc -I"/home/shak48/Documents/local-repo/EmbeddedC/STM32F407/Src/FreeRtos_Projects/ThirdParty/FreeRtos" -I"/home/shak48/Documents/local-repo/EmbeddedC/STM32F407/Src/FreeRtos_Projects/ThirdParty/FreeRtos" -I"/home/shak48/Documents/local-repo/EmbeddedC/STM32F407/Src/FreeRtos_Projects/ThirdParty/FreeRtos/include" -I"/home/shak48/Documents/local-repo/EmbeddedC/STM32F407/Src/FreeRtos_Projects/ThirdParty/FreeRtos/portable/GCC/ARM_CM4F" -I../Drivers/STM32F4xx_HAL_Driver/Inc -I../Drivers/STM32F4xx_HAL_Driver/Inc/Legacy -I../Drivers/CMSIS/Device/ST/STM32F4xx/Include -I../Drivers/CMSIS/Include -O0 -ffunction-sections -fdata-sections -Wall -fstack-usage -MMD -MP -MF"Drivers/STM32F4xx_HAL_Driver/Src/stm32f4xx_hal_dma_ex.d" -MT"Drivers/STM32F4xx_HAL_Driver/Src/stm32f4xx_hal_dma_ex.o" --specs=nano.specs -mfpu=fpv4-sp-d16 -mfloat-abi=hard -mthumb -o "Drivers/STM32F4xx_HAL_Driver/Src/stm32f4xx_hal_dma_ex.o"
arm-none-eabi-gcc "../Drivers/STM32F4xx_HAL_Driver/Src/stm32f4xx_hal_exti.c" -mcpu=cortex-m4 -std=gnu11 -g3 -DDEBUG -DUSE_HAL_DRIVER -DSTM32F407xx -c -I../Core/Inc -I"/home/shak48/Documents/local-repo/EmbeddedC/STM32F407/Src/FreeRtos_Projects/ThirdParty/FreeRtos" -I"/home/shak48/Documents/local-repo/EmbeddedC/STM32F407/Src/FreeRtos_Projects/ThirdParty/FreeRtos" -I"/home/shak48/Documents/local-repo/EmbeddedC/STM32F407/Src/FreeRtos_Projects/ThirdParty/FreeRtos/include" -I"/home/shak48/Documents/local-repo/EmbeddedC/STM32F407/Src/FreeRtos_Projects/ThirdParty/FreeRtos/portable/GCC/ARM_CM4F" -I../Drivers/STM32F4xx_HAL_Driver/Inc -I../Drivers/STM32F4xx_HAL_Driver/Inc/Legacy -I../Drivers/CMSIS/Device/ST/STM32F4xx/Include -I../Drivers/CMSIS/Include -O0 -ffunction-sections -fdata-sections -Wall -fstack-usage -MMD -MP -MF"Drivers/STM32F4xx_HAL_Driver/Src/stm32f4xx_hal_exti.d" -MT"Drivers/STM32F4xx_HAL_Driver/Src/stm32f4xx_hal_exti.o" --specs=nano.specs -mfpu=fpv4-sp-d16 -mfloat-abi=hard -mthumb -o "Drivers/STM32F4xx_HAL_Driver/Src/stm32f4xx_hal_exti.o"
arm-none-eabi-gcc "../Drivers/STM32F4xx_HAL_Driver/Src/stm32f4xx_hal_flash.c" -mcpu=cortex-m4 -std=gnu11 -g3 -DDEBUG -DUSE_HAL_DRIVER -DSTM32F407xx -c -I../Core/Inc -I"/home/shak48/Documents/local-repo/EmbeddedC/STM32F407/Src/FreeRtos_Projects/ThirdParty/FreeRtos" -I"/home/shak48/Documents/local-repo/EmbeddedC/STM32F407/Src/FreeRtos_Projects/ThirdParty/FreeRtos" -I"/home/shak48/Documents/local-repo/EmbeddedC/STM32F407/Src/FreeRtos_Projects/ThirdParty/FreeRtos/include" -I"/home/shak48/Documents/local-repo/EmbeddedC/STM32F407/Src/FreeRtos_Projects/ThirdParty/FreeRtos/portable/GCC/ARM_CM4F" -I../Drivers/STM32F4xx_HAL_Driver/Inc -I../Drivers/STM32F4xx_HAL_Driver/Inc/Legacy -I../Drivers/CMSIS/Device/ST/STM32F4xx/Include -I../Drivers/CMSIS/Include -O0 -ffunction-sections -fdata-sections -Wall -fstack-usage -MMD -MP -MF"Drivers/STM32F4xx_HAL_Driver/Src/stm32f4xx_hal_flash.d" -MT"Drivers/STM32F4xx_HAL_Driver/Src/stm32f4xx_hal_flash.o" --specs=nano.specs -mfpu=fpv4-sp-d16 -mfloat-abi=hard -mthumb -o "Drivers/STM32F4xx_HAL_Driver/Src/stm32f4xx_hal_flash.o"
arm-none-eabi-gcc "../Drivers/STM32F4xx_HAL_Driver/Src/stm32f4xx_hal_flash_ex.c" -mcpu=cortex-m4 -std=gnu11 -g3 -DDEBUG -DUSE_HAL_DRIVER -DSTM32F407xx -c -I../Core/Inc -I"/home/shak48/Documents/local-repo/EmbeddedC/STM32F407/Src/FreeRtos_Projects/ThirdParty/FreeRtos" -I"/home/shak48/Documents/local-repo/EmbeddedC/STM32F407/Src/FreeRtos_Projects/ThirdParty/FreeRtos" -I"/home/shak48/Documents/local-repo/EmbeddedC/STM32F407/Src/FreeRtos_Projects/ThirdParty/FreeRtos/include" -I"/home/shak48/Documents/local-repo/EmbeddedC/STM32F407/Src/FreeRtos_Projects/ThirdParty/FreeRtos/portable/GCC/ARM_CM4F" -I../Drivers/STM32F4xx_HAL_Driver/Inc -I../Drivers/STM32F4xx_HAL_Driver/Inc/Legacy -I../Drivers/CMSIS/Device/ST/STM32F4xx/Include -I../Drivers/CMSIS/Include -O0 -ffunction-sections -fdata-sections -Wall -fstack-usage -MMD -MP -MF"Drivers/STM32F4xx_HAL_Driver/Src/stm32f4xx_hal_flash_ex.d" -MT"Drivers/STM32F4xx_HAL_Driver/Src/stm32f4xx_hal_flash_ex.o" --specs=nano.specs -mfpu=fpv4-sp-d16 -mfloat-abi=hard -mthumb -o "Drivers/STM32F4xx_HAL_Driver/Src/stm32f4xx_hal_flash_ex.o"
arm-none-eabi-gcc "../Drivers/STM32F4xx_HAL_Driver/Src/stm32f4xx_hal_flash_ramfunc.c" -mcpu=cortex-m4 -std=gnu11 -g3 -DDEBUG -DUSE_HAL_DRIVER -DSTM32F407xx -c -I../Core/Inc -I"/home/shak48/Documents/local-repo/EmbeddedC/STM32F407/Src/FreeRtos_Projects/ThirdParty/FreeRtos" -I"/home/shak48/Documents/local-repo/EmbeddedC/STM32F407/Src/FreeRtos_Projects/ThirdParty/FreeRtos" -I"/home/shak48/Documents/local-repo/EmbeddedC/STM32F407/Src/FreeRtos_Projects/ThirdParty/FreeRtos/include" -I"/home/shak48/Documents/local-repo/EmbeddedC/STM32F407/Src/FreeRtos_Projects/ThirdParty/FreeRtos/portable/GCC/ARM_CM4F" -I../Drivers/STM32F4xx_HAL_Driver/Inc -I../Drivers/STM32F4xx_HAL_Driver/Inc/Legacy -I../Drivers/CMSIS/Device/ST/STM32F4xx/Include -I../Drivers/CMSIS/Include -O0 -ffunction-sections -fdata-sections -Wall -fstack-usage -MMD -MP -MF"Drivers/STM32F4xx_HAL_Driver/Src/stm32f4xx_hal_flash_ramfunc.d" -MT"Drivers/STM32F4xx_HAL_Driver/Src/stm32f4xx_hal_flash_ramfunc.o" --specs=nano.specs -mfpu=fpv4-sp-d16 -mfloat-abi=hard -mthumb -o "Drivers/STM32F4xx_HAL_Driver/Src/stm32f4xx_hal_flash_ramfunc.o"
arm-none-eabi-gcc "../Drivers/STM32F4xx_HAL_Driver/Src/stm32f4xx_hal_gpio.c" -mcpu=cortex-m4 -std=gnu11 -g3 -DDEBUG -DUSE_HAL_DRIVER -DSTM32F407xx -c -I../Core/Inc -I"/home/shak48/Documents/local-repo/EmbeddedC/STM32F407/Src/FreeRtos_Projects/ThirdParty/FreeRtos" -I"/home/shak48/Documents/local-repo/EmbeddedC/STM32F407/Src/FreeRtos_Projects/ThirdParty/FreeRtos" -I"/home/shak48/Documents/local-repo/EmbeddedC/STM32F407/Src/FreeRtos_Projects/ThirdParty/FreeRtos/include" -I"/home/shak48/Documents/local-repo/EmbeddedC/STM32F407/Src/FreeRtos_Projects/ThirdParty/FreeRtos/portable/GCC/ARM_CM4F" -I../Drivers/STM32F4xx_HAL_Driver/Inc -I../Drivers/STM32F4xx_HAL_Driver/Inc/Legacy -I../Drivers/CMSIS/Device/ST/STM32F4xx/Include -I../Drivers/CMSIS/Include -O0 -ffunction-sections -fdata-sections -Wall -fstack-usage -MMD -MP -MF"Drivers/STM32F4xx_HAL_Driver/Src/stm32f4xx_hal_gpio.d" -MT"Drivers/STM32F4xx_HAL_Driver/Src/stm32f4xx_hal_gpio.o" --specs=nano.specs -mfpu=fpv4-sp-d16 -mfloat-abi=hard -mthumb -o "Drivers/STM32F4xx_HAL_Driver/Src/stm32f4xx_hal_gpio.o"
arm-none-eabi-gcc "../Drivers/STM32F4xx_HAL_Driver/Src/stm32f4xx_hal_pwr.c" -mcpu=cortex-m4 -std=gnu11 -g3 -DDEBUG -DUSE_HAL_DRIVER -DSTM32F407xx -c -I../Core/Inc -I"/home/shak48/Documents/local-repo/EmbeddedC/STM32F407/Src/FreeRtos_Projects/ThirdParty/FreeRtos" -I"/home/shak48/Documents/local-repo/EmbeddedC/STM32F407/Src/FreeRtos_Projects/ThirdParty/FreeRtos" -I"/home/shak48/Documents/local-repo/EmbeddedC/STM32F407/Src/FreeRtos_Projects/ThirdParty/FreeRtos/include" -I"/home/shak48/Documents/local-repo/EmbeddedC/STM32F407/Src/FreeRtos_Projects/ThirdParty/FreeRtos/portable/GCC/ARM_CM4F" -I../Drivers/STM32F4xx_HAL_Driver/Inc -I../Drivers/STM32F4xx_HAL_Driver/Inc/Legacy -I../Drivers/CMSIS/Device/ST/STM32F4xx/Include -I../Drivers/CMSIS/Include -O0 -ffunction-sections -fdata-sections -Wall -fstack-usage -MMD -MP -MF"Drivers/STM32F4xx_HAL_Driver/Src/stm32f4xx_hal_pwr.d" -MT"Drivers/STM32F4xx_HAL_Driver/Src/stm32f4xx_hal_pwr.o" --specs=nano.specs -mfpu=fpv4-sp-d16 -mfloat-abi=hard -mthumb -o "Drivers/STM32F4xx_HAL_Driver/Src/stm32f4xx_hal_pwr.o"
arm-none-eabi-gcc "../Drivers/STM32F4xx_HAL_Driver/Src/stm32f4xx_hal_pwr_ex.c" -mcpu=cortex-m4 -std=gnu11 -g3 -DDEBUG -DUSE_HAL_DRIVER -DSTM32F407xx -c -I../Core/Inc -I"/home/shak48/Documents/local-repo/EmbeddedC/STM32F407/Src/FreeRtos_Projects/ThirdParty/FreeRtos" -I"/home/shak48/Documents/local-repo/EmbeddedC/STM32F407/Src/FreeRtos_Projects/ThirdParty/FreeRtos" -I"/home/shak48/Documents/local-repo/EmbeddedC/STM32F407/Src/FreeRtos_Projects/ThirdParty/FreeRtos/include" -I"/home/shak48/Documents/local-repo/EmbeddedC/STM32F407/Src/FreeRtos_Projects/ThirdParty/FreeRtos/portable/GCC/ARM_CM4F" -I../Drivers/STM32F4xx_HAL_Driver/Inc -I../Drivers/STM32F4xx_HAL_Driver/Inc/Legacy -I../Drivers/CMSIS/Device/ST/STM32F4xx/Include -I../Drivers/CMSIS/Include -O0 -ffunction-sections -fdata-sections -Wall -fstack-usage -MMD -MP -MF"Drivers/STM32F4xx_HAL_Driver/Src/stm32f4xx_hal_pwr_ex.d" -MT"Drivers/STM32F4xx_HAL_Driver/Src/stm32f4xx_hal_pwr_ex.o" --specs=nano.specs -mfpu=fpv4-sp-d16 -mfloat-abi=hard -mthumb -o "Drivers/STM32F4xx_HAL_Driver/Src/stm32f4xx_hal_pwr_ex.o"
arm-none-eabi-gcc "../Drivers/STM32F4xx_HAL_Driver/Src/stm32f4xx_hal_rcc.c" -mcpu=cortex-m4 -std=gnu11 -g3 -DDEBUG -DUSE_HAL_DRIVER -DSTM32F407xx -c -I../Core/Inc -I"/home/shak48/Documents/local-repo/EmbeddedC/STM32F407/Src/FreeRtos_Projects/ThirdParty/FreeRtos" -I"/home/shak48/Documents/local-repo/EmbeddedC/STM32F407/Src/FreeRtos_Projects/ThirdParty/FreeRtos" -I"/home/shak48/Documents/local-repo/EmbeddedC/STM32F407/Src/FreeRtos_Projects/ThirdParty/FreeRtos/include" -I"/home/shak48/Documents/local-repo/EmbeddedC/STM32F407/Src/FreeRtos_Projects/ThirdParty/FreeRtos/portable/GCC/ARM_CM4F" -I../Drivers/STM32F4xx_HAL_Driver/Inc -I../Drivers/STM32F4xx_HAL_Driver/Inc/Legacy -I../Drivers/CMSIS/Device/ST/STM32F4xx/Include -I../Drivers/CMSIS/Include -O0 -ffunction-sections -fdata-sections -Wall -fstack-usage -MMD -MP -MF"Drivers/STM32F4xx_HAL_Driver/Src/stm32f4xx_hal_rcc.d" -MT"Drivers/STM32F4xx_HAL_Driver/Src/stm32f4xx_hal_rcc.o" --specs=nano.specs -mfpu=fpv4-sp-d16 -mfloat-abi=hard -mthumb -o "Drivers/STM32F4xx_HAL_Driver/Src/stm32f4xx_hal_rcc.o"
arm-none-eabi-gcc "../Drivers/STM32F4xx_HAL_Driver/Src/stm32f4xx_hal_rcc_ex.c" -mcpu=cortex-m4 -std=gnu11 -g3 -DDEBUG -DUSE_HAL_DRIVER -DSTM32F407xx -c -I../Core/Inc -I"/home/shak48/Documents/local-repo/EmbeddedC/STM32F407/Src/FreeRtos_Projects/ThirdParty/FreeRtos" -I"/home/shak48/Documents/local-repo/EmbeddedC/STM32F407/Src/FreeRtos_Projects/ThirdParty/FreeRtos" -I"/home/shak48/Documents/local-repo/EmbeddedC/STM32F407/Src/FreeRtos_Projects/ThirdParty/FreeRtos/include" -I"/home/shak48/Documents/local-repo/EmbeddedC/STM32F407/Src/FreeRtos_Projects/ThirdParty/FreeRtos/portable/GCC/ARM_CM4F" -I../Drivers/STM32F4xx_HAL_Driver/Inc -I../Drivers/STM32F4xx_HAL_Driver/Inc/Legacy -I../Drivers/CMSIS/Device/ST/STM32F4xx/Include -I../Drivers/CMSIS/Include -O0 -ffunction-sections -fdata-sections -Wall -fstack-usage -MMD -MP -MF"Drivers/STM32F4xx_HAL_Driver/Src/stm32f4xx_hal_rcc_ex.d" -MT"Drivers/STM32F4xx_HAL_Driver/Src/stm32f4xx_hal_rcc_ex.o" --specs=nano.specs -mfpu=fpv4-sp-d16 -mfloat-abi=hard -mthumb -o "Drivers/STM32F4xx_HAL_Driver/Src/stm32f4xx_hal_rcc_ex.o"
arm-none-eabi-gcc "../Drivers/STM32F4xx_HAL_Driver/Src/stm32f4xx_hal_tim.c" -mcpu=cortex-m4 -std=gnu11 -g3 -DDEBUG -DUSE_HAL_DRIVER -DSTM32F407xx -c -I../Core/Inc -I"/home/shak48/Documents/local-repo/EmbeddedC/STM32F407/Src/FreeRtos_Projects/ThirdParty/FreeRtos" -I"/home/shak48/Documents/local-repo/EmbeddedC/STM32F407/Src/FreeRtos_Projects/ThirdParty/FreeRtos" -I"/home/shak48/Documents/local-repo/EmbeddedC/STM32F407/Src/FreeRtos_Projects/ThirdParty/FreeRtos/include" -I"/home/shak48/Documents/local-repo/EmbeddedC/STM32F407/Src/FreeRtos_Projects/ThirdParty/FreeRtos/portable/GCC/ARM_CM4F" -I../Drivers/STM32F4xx_HAL_Driver/Inc -I../Drivers/STM32F4xx_HAL_Driver/Inc/Legacy -I../Drivers/CMSIS/Device/ST/STM32F4xx/Include -I../Drivers/CMSIS/Include -O0 -ffunction-sections -fdata-sections -Wall -fstack-usage -MMD -MP -MF"Drivers/STM32F4xx_HAL_Driver/Src/stm32f4xx_hal_tim.d" -MT"Drivers/STM32F4xx_HAL_Driver/Src/stm32f4xx_hal_tim.o" --specs=nano.specs -mfpu=fpv4-sp-d16 -mfloat-abi=hard -mthumb -o "Drivers/STM32F4xx_HAL_Driver/Src/stm32f4xx_hal_tim.o"
arm-none-eabi-gcc "../Drivers/STM32F4xx_HAL_Driver/Src/stm32f4xx_hal_tim_ex.c" -mcpu=cortex-m4 -std=gnu11 -g3 -DDEBUG -DUSE_HAL_DRIVER -DSTM32F407xx -c -I../Core/Inc -I"/home/shak48/Documents/local-repo/EmbeddedC/STM32F407/Src/FreeRtos_Projects/ThirdParty/FreeRtos" -I"/home/shak48/Documents/local-repo/EmbeddedC/STM32F407/Src/FreeRtos_Projects/ThirdParty/FreeRtos" -I"/home/shak48/Documents/local-repo/EmbeddedC/STM32F407/Src/FreeRtos_Projects/ThirdParty/FreeRtos/include" -I"/home/shak48/Documents/local-repo/EmbeddedC/STM32F407/Src/FreeRtos_Projects/ThirdParty/FreeRtos/portable/GCC/ARM_CM4F" -I../Drivers/STM32F4xx_HAL_Driver/Inc -I../Drivers/STM32F4xx_HAL_Driver/Inc/Legacy -I../Drivers/CMSIS/Device/ST/STM32F4xx/Include -I../Drivers/CMSIS/Include -O0 -ffunction-sections -fdata-sections -Wall -fstack-usage -MMD -MP -MF"Drivers/STM32F4xx_HAL_Driver/Src/stm32f4xx_hal_tim_ex.d" -MT"Drivers/STM32F4xx_HAL_Driver/Src/stm32f4xx_hal_tim_ex.o" --specs=nano.specs -mfpu=fpv4-sp-d16 -mfloat-abi=hard -mthumb -o "Drivers/STM32F4xx_HAL_Driver/Src/stm32f4xx_hal_tim_ex.o"
arm-none-eabi-gcc -mcpu=cortex-m4 -g3 -DDEBUG -c -x assembler-with-cpp -MMD -MP -MF"Core/Startup/startup_stm32f407vgtx.d" -MT"Core/Startup/startup_stm32f407vgtx.o" --specs=nano.specs -mfpu=fpv4-sp-d16 -mfloat-abi=hard -mthumb -o "Core/Startup/startup_stm32f407vgtx.o" "../Core/Startup/startup_stm32f407vgtx.s"
arm-none-eabi-gcc "../Core/Src/main.c" -mcpu=cortex-m4 -std=gnu11 -g3 -DDEBUG -DUSE_HAL_DRIVER -DSTM32F407xx -c -I../Core/Inc -I"/home/shak48/Documents/local-repo/EmbeddedC/STM32F407/Src/FreeRtos_Projects/ThirdParty/FreeRtos" -I"/home/shak48/Documents/local-repo/EmbeddedC/STM32F407/Src/FreeRtos_Projects/ThirdParty/FreeRtos" -I"/home/shak48/Documents/local-repo/EmbeddedC/STM32F407/Src/FreeRtos_Projects/ThirdParty/FreeRtos/include" -I"/home/shak48/Documents/local-repo/EmbeddedC/STM32F407/Src/FreeRtos_Projects/ThirdParty/FreeRtos/portable/GCC/ARM_CM4F" -I../Drivers/STM32F4xx_HAL_Driver/Inc -I../Drivers/STM32F4xx_HAL_Driver/Inc/Legacy -I../Drivers/CMSIS/Device/ST/STM32F4xx/Include -I../Drivers/CMSIS/Include -O0 -ffunction-sections -fdata-sections -Wall -fstack-usage -MMD -MP -MF"Core/Src/main.d" -MT"Core/Src/main.o" --specs=nano.specs -mfpu=fpv4-sp-d16 -mfloat-abi=hard -mthumb -o "Core/Src/main.o"
arm-none-eabi-gcc "../Core/Src/stm32f4xx_hal_msp.c" -mcpu=cortex-m4 -std=gnu11 -g3 -DDEBUG -DUSE_HAL_DRIVER -DSTM32F407xx -c -I../Core/Inc -I"/home/shak48/Documents/local-repo/EmbeddedC/STM32F407/Src/FreeRtos_Projects/ThirdParty/FreeRtos" -I"/home/shak48/Documents/local-repo/EmbeddedC/STM32F407/Src/FreeRtos_Projects/ThirdParty/FreeRtos" -I"/home/shak48/Documents/local-repo/EmbeddedC/STM32F407/Src/FreeRtos_Projects/ThirdParty/FreeRtos/include" -I"/home/shak48/Documents/local-repo/EmbeddedC/STM32F407/Src/FreeRtos_Projects/ThirdParty/FreeRtos/portable/GCC/ARM_CM4F" -I../Drivers/STM32F4xx_HAL_Driver/Inc -I../Drivers/STM32F4xx_HAL_Driver/Inc/Legacy -I../Drivers/CMSIS/Device/ST/STM32F4xx/Include -I../Drivers/CMSIS/Include -O0 -ffunction-sections -fdata-sections -Wall -fstack-usage -MMD -MP -MF"Core/Src/stm32f4xx_hal_msp.d" -MT"Core/Src/stm32f4xx_hal_msp.o" --specs=nano.specs -mfpu=fpv4-sp-d16 -mfloat-abi=hard -mthumb -o "Core/Src/stm32f4xx_hal_msp.o"
arm-none-eabi-gcc "../Core/Src/stm32f4xx_hal_timebase_tim.c" -mcpu=cortex-m4 -std=gnu11 -g3 -DDEBUG -DUSE_HAL_DRIVER -DSTM32F407xx -c -I../Core/Inc -I"/home/shak48/Documents/local-repo/EmbeddedC/STM32F407/Src/FreeRtos_Projects/ThirdParty/FreeRtos" -I"/home/shak48/Documents/local-repo/EmbeddedC/STM32F407/Src/FreeRtos_Projects/ThirdParty/FreeRtos" -I"/home/shak48/Documents/local-repo/EmbeddedC/STM32F407/Src/FreeRtos_Projects/ThirdParty/FreeRtos/include" -I"/home/shak48/Documents/local-repo/EmbeddedC/STM32F407/Src/FreeRtos_Projects/ThirdParty/FreeRtos/portable/GCC/ARM_CM4F" -I../Drivers/STM32F4xx_HAL_Driver/Inc -I../Drivers/STM32F4xx_HAL_Driver/Inc/Legacy -I../Drivers/CMSIS/Device/ST/STM32F4xx/Include -I../Drivers/CMSIS/Include -O0 -ffunction-sections -fdata-sections -Wall -fstack-usage -MMD -MP -MF"Core/Src/stm32f4xx_hal_timebase_tim.d" -MT"Core/Src/stm32f4xx_hal_timebase_tim.o" --specs=nano.specs -mfpu=fpv4-sp-d16 -mfloat-abi=hard -mthumb -o "Core/Src/stm32f4xx_hal_timebase_tim.o"
arm-none-eabi-gcc "../Core/Src/stm32f4xx_it.c" -mcpu=cortex-m4 -std=gnu11 -g3 -DDEBUG -DUSE_HAL_DRIVER -DSTM32F407xx -c -I../Core/Inc -I"/home/shak48/Documents/local-repo/EmbeddedC/STM32F407/Src/FreeRtos_Projects/ThirdParty/FreeRtos" -I"/home/shak48/Documents/local-repo/EmbeddedC/STM32F407/Src/FreeRtos_Projects/ThirdParty/FreeRtos" -I"/home/shak48/Documents/local-repo/EmbeddedC/STM32F407/Src/FreeRtos_Projects/ThirdParty/FreeRtos/include" -I"/home/shak48/Documents/local-repo/EmbeddedC/STM32F407/Src/FreeRtos_Projects/ThirdParty/FreeRtos/portable/GCC/ARM_CM4F" -I../Drivers/STM32F4xx_HAL_Driver/Inc -I../Drivers/STM32F4xx_HAL_Driver/Inc/Legacy -I../Drivers/CMSIS/Device/ST/STM32F4xx/Include -I../Drivers/CMSIS/Include -O0 -ffunction-sections -fdata-sections -Wall -fstack-usage -MMD -MP -MF"Core/Src/stm32f4xx_it.d" -MT"Core/Src/stm32f4xx_it.o" --specs=nano.specs -mfpu=fpv4-sp-d16 -mfloat-abi=hard -mthumb -o "Core/Src/stm32f4xx_it.o"
arm-none-eabi-gcc "../Core/Src/syscalls.c" -mcpu=cortex-m4 -std=gnu11 -g3 -DDEBUG -DUSE_HAL_DRIVER -DSTM32F407xx -c -I../Core/Inc -I"/home/shak48/Documents/local-repo/EmbeddedC/STM32F407/Src/FreeRtos_Projects/ThirdParty/FreeRtos" -I"/home/shak48/Documents/local-repo/EmbeddedC/STM32F407/Src/FreeRtos_Projects/ThirdParty/FreeRtos" -I"/home/shak48/Documents/local-repo/EmbeddedC/STM32F407/Src/FreeRtos_Projects/ThirdParty/FreeRtos/include" -I"/home/shak48/Documents/local-repo/EmbeddedC/STM32F407/Src/FreeRtos_Projects/ThirdParty/FreeRtos/portable/GCC/ARM_CM4F" -I../Drivers/STM32F4xx_HAL_Driver/Inc -I../Drivers/STM32F4xx_HAL_Driver/Inc/Legacy -I../Drivers/CMSIS/Device/ST/STM32F4xx/Include -I../Drivers/CMSIS/Include -O0 -ffunction-sections -fdata-sections -Wall -fstack-usage -MMD -MP -MF"Core/Src/syscalls.d" -MT"Core/Src/syscalls.o" --specs=nano.specs -mfpu=fpv4-sp-d16 -mfloat-abi=hard -mthumb -o "Core/Src/syscalls.o"
arm-none-eabi-gcc "../Core/Src/system_stm32f4xx.c" -mcpu=cortex-m4 -std=gnu11 -g3 -DDEBUG -DUSE_HAL_DRIVER -DSTM32F407xx -c -I../Core/Inc -I"/home/shak48/Documents/local-repo/EmbeddedC/STM32F407/Src/FreeRtos_Projects/ThirdParty/FreeRtos" -I"/home/shak48/Documents/local-repo/EmbeddedC/STM32F407/Src/FreeRtos_Projects/ThirdParty/FreeRtos" -I"/home/shak48/Documents/local-repo/EmbeddedC/STM32F407/Src/FreeRtos_Projects/ThirdParty/FreeRtos/include" -I"/home/shak48/Documents/local-repo/EmbeddedC/STM32F407/Src/FreeRtos_Projects/ThirdParty/FreeRtos/portable/GCC/ARM_CM4F" -I../Drivers/STM32F4xx_HAL_Driver/Inc -I../Drivers/STM32F4xx_HAL_Driver/Inc/Legacy -I../Drivers/CMSIS/Device/ST/STM32F4xx/Include -I../Drivers/CMSIS/Include -O0 -ffunction-sections -fdata-sections -Wall -fstack-usage -MMD -MP -MF"Core/Src/system_stm32f4xx.d" -MT"Core/Src/system_stm32f4xx.o" --specs=nano.specs -mfpu=fpv4-sp-d16 -mfloat-abi=hard -mthumb -o "Core/Src/system_stm32f4xx.o"
arm-none-eabi-gcc -o "FreeRtos_Projects.elf" @"objects.list"   -mcpu=cortex-m4 -T"/home/shak48/Documents/local-repo/EmbeddedC/STM32F407/Src/FreeRtos_Projects/STM32F407VGTX_FLASH.ld" --specs=nosys.specs -Wl,-Map="FreeRtos_Projects.map" -Wl,--gc-sections -static --specs=nano.specs -mfpu=fpv4-sp-d16 -mfloat-abi=hard -mthumb -Wl,--start-group -lc -lm -Wl,--end-group
Finished building target: FreeRtos_Projects.elf
 
arm-none-eabi-size   FreeRtos_Projects.elf 
arm-none-eabi-objdump -h -S  FreeRtos_Projects.elf  > "FreeRtos_Projects.list"
arm-none-eabi-objcopy  -O binary  FreeRtos_Projects.elf  "FreeRtos_Projects.bin"
   text	   data	    bss	    dec	    hex	filename
   8980	     20	   1780	  10780	   2a1c	FreeRtos_Projects.elf
Finished building: default.size.stdout
 
Finished building: FreeRtos_Projects.bin
 
Finished building: FreeRtos_Projects.list
 
